Archive member included to satisfy reference by file (symbol)

/usr/share/gcc-arm-none-eabi-10.3-2021.10/bin/../lib/gcc/arm-none-eabi/10.3.1/../../../../arm-none-eabi/lib/thumb/v7e-m+fp/hard/libc_nano.a(lib_a-assert.o)
                              build/esc_coe.o (__assert_func)
/usr/share/gcc-arm-none-eabi-10.3-2021.10/bin/../lib/gcc/arm-none-eabi/10.3.1/../../../../arm-none-eabi/lib/thumb/v7e-m+fp/hard/libc_nano.a(lib_a-exit.o)
                              /usr/share/gcc-arm-none-eabi-10.3-2021.10/bin/../lib/gcc/arm-none-eabi/10.3.1/../../../../arm-none-eabi/lib/thumb/v7e-m+fp/hard/crt0.o (exit)
/usr/share/gcc-arm-none-eabi-10.3-2021.10/bin/../lib/gcc/arm-none-eabi/10.3.1/../../../../arm-none-eabi/lib/thumb/v7e-m+fp/hard/libc_nano.a(lib_a-fprintf.o)
                              /usr/share/gcc-arm-none-eabi-10.3-2021.10/bin/../lib/gcc/arm-none-eabi/10.3.1/../../../../arm-none-eabi/lib/thumb/v7e-m+fp/hard/libc_nano.a(lib_a-assert.o) (fiprintf)
/usr/share/gcc-arm-none-eabi-10.3-2021.10/bin/../lib/gcc/arm-none-eabi/10.3.1/../../../../arm-none-eabi/lib/thumb/v7e-m+fp/hard/libc_nano.a(lib_a-impure.o)
                              /usr/share/gcc-arm-none-eabi-10.3-2021.10/bin/../lib/gcc/arm-none-eabi/10.3.1/../../../../arm-none-eabi/lib/thumb/v7e-m+fp/hard/libc_nano.a(lib_a-exit.o) (_global_impure_ptr)
/usr/share/gcc-arm-none-eabi-10.3-2021.10/bin/../lib/gcc/arm-none-eabi/10.3.1/../../../../arm-none-eabi/lib/thumb/v7e-m+fp/hard/libc_nano.a(lib_a-init.o)
                              /usr/share/gcc-arm-none-eabi-10.3-2021.10/bin/../lib/gcc/arm-none-eabi/10.3.1/../../../../arm-none-eabi/lib/thumb/v7e-m+fp/hard/crt0.o (__libc_init_array)
/usr/share/gcc-arm-none-eabi-10.3-2021.10/bin/../lib/gcc/arm-none-eabi/10.3.1/../../../../arm-none-eabi/lib/thumb/v7e-m+fp/hard/libc_nano.a(lib_a-memcpy-stub.o)
                              build/esc_coe.o (memcpy)
/usr/share/gcc-arm-none-eabi-10.3-2021.10/bin/../lib/gcc/arm-none-eabi/10.3.1/../../../../arm-none-eabi/lib/thumb/v7e-m+fp/hard/libc_nano.a(lib_a-memset.o)
                              /usr/share/gcc-arm-none-eabi-10.3-2021.10/bin/../lib/gcc/arm-none-eabi/10.3.1/../../../../arm-none-eabi/lib/thumb/v7e-m+fp/hard/crt0.o (memset)
/usr/share/gcc-arm-none-eabi-10.3-2021.10/bin/../lib/gcc/arm-none-eabi/10.3.1/../../../../arm-none-eabi/lib/thumb/v7e-m+fp/hard/libc_nano.a(lib_a-nano-vfprintf.o)
                              /usr/share/gcc-arm-none-eabi-10.3-2021.10/bin/../lib/gcc/arm-none-eabi/10.3.1/../../../../arm-none-eabi/lib/thumb/v7e-m+fp/hard/libc_nano.a(lib_a-fprintf.o) (_vfprintf_r)
/usr/share/gcc-arm-none-eabi-10.3-2021.10/bin/../lib/gcc/arm-none-eabi/10.3.1/../../../../arm-none-eabi/lib/thumb/v7e-m+fp/hard/libc_nano.a(lib_a-nano-vfprintf_i.o)
                              /usr/share/gcc-arm-none-eabi-10.3-2021.10/bin/../lib/gcc/arm-none-eabi/10.3.1/../../../../arm-none-eabi/lib/thumb/v7e-m+fp/hard/libc_nano.a(lib_a-nano-vfprintf.o) (_printf_i)
/usr/share/gcc-arm-none-eabi-10.3-2021.10/bin/../lib/gcc/arm-none-eabi/10.3.1/../../../../arm-none-eabi/lib/thumb/v7e-m+fp/hard/libc_nano.a(lib_a-strncmp.o)
                              build/esc_foe.o (strncmp)
/usr/share/gcc-arm-none-eabi-10.3-2021.10/bin/../lib/gcc/arm-none-eabi/10.3.1/../../../../arm-none-eabi/lib/thumb/v7e-m+fp/hard/libc_nano.a(lib_a-wbuf.o)
                              /usr/share/gcc-arm-none-eabi-10.3-2021.10/bin/../lib/gcc/arm-none-eabi/10.3.1/../../../../arm-none-eabi/lib/thumb/v7e-m+fp/hard/libc_nano.a(lib_a-nano-vfprintf.o) (__swbuf_r)
/usr/share/gcc-arm-none-eabi-10.3-2021.10/bin/../lib/gcc/arm-none-eabi/10.3.1/../../../../arm-none-eabi/lib/thumb/v7e-m+fp/hard/libc_nano.a(lib_a-wsetup.o)
                              /usr/share/gcc-arm-none-eabi-10.3-2021.10/bin/../lib/gcc/arm-none-eabi/10.3.1/../../../../arm-none-eabi/lib/thumb/v7e-m+fp/hard/libc_nano.a(lib_a-nano-vfprintf.o) (__swsetup_r)
/usr/share/gcc-arm-none-eabi-10.3-2021.10/bin/../lib/gcc/arm-none-eabi/10.3.1/../../../../arm-none-eabi/lib/thumb/v7e-m+fp/hard/libc_nano.a(lib_a-abort.o)
                              /usr/share/gcc-arm-none-eabi-10.3-2021.10/bin/../lib/gcc/arm-none-eabi/10.3.1/../../../../arm-none-eabi/lib/thumb/v7e-m+fp/hard/libc_nano.a(lib_a-assert.o) (abort)
/usr/share/gcc-arm-none-eabi-10.3-2021.10/bin/../lib/gcc/arm-none-eabi/10.3.1/../../../../arm-none-eabi/lib/thumb/v7e-m+fp/hard/libc_nano.a(lib_a-fflush.o)
                              /usr/share/gcc-arm-none-eabi-10.3-2021.10/bin/../lib/gcc/arm-none-eabi/10.3.1/../../../../arm-none-eabi/lib/thumb/v7e-m+fp/hard/libc_nano.a(lib_a-wbuf.o) (_fflush_r)
/usr/share/gcc-arm-none-eabi-10.3-2021.10/bin/../lib/gcc/arm-none-eabi/10.3.1/../../../../arm-none-eabi/lib/thumb/v7e-m+fp/hard/libc_nano.a(lib_a-findfp.o)
                              /usr/share/gcc-arm-none-eabi-10.3-2021.10/bin/../lib/gcc/arm-none-eabi/10.3.1/../../../../arm-none-eabi/lib/thumb/v7e-m+fp/hard/libc_nano.a(lib_a-nano-vfprintf.o) (__sinit)
[...]
Memory Configuration

Name             Origin             Length             Attributes
RAM              0x0000000020000000 0x0000000000020000 xrw
CCMRAM           0x0000000010000000 0x0000000000010000 xrw
FLASH            0x0000000008000000 0x0000000000100000 xr
*default*        0x0000000000000000 0xffffffffffffffff

Linker script and memory map

LOAD /usr/share/gcc-arm-none-eabi-10.3-2021.10/bin/../lib/gcc/arm-none-eabi/10.3.1/thumb/v7e-m+fp/hard/crti.o
LOAD /usr/share/gcc-arm-none-eabi-10.3-2021.10/bin/../lib/gcc/arm-none-eabi/10.3.1/thumb/v7e-m+fp/hard/crtbegin.o
LOAD /usr/share/gcc-arm-none-eabi-10.3-2021.10/bin/../lib/gcc/arm-none-eabi/10.3.1/../../../../arm-none-eabi/lib/thumb/v7e-m+fp/hard/crt0.o
LOAD build/ecatapp.o
LOAD build/main.o
LOAD build/pdo_override.o
LOAD build/misc.o
LOAD build/stm32f4xx_adc.o
LOAD build/stm32f4xx_can.o
LOAD build/stm32f4xx_cec.o
LOAD build/stm32f4xx_crc.o
LOAD build/stm32f4xx_cryp.o
LOAD build/stm32f4xx_cryp_aes.o
LOAD build/stm32f4xx_cryp_des.o
LOAD build/stm32f4xx_cryp_tdes.o
LOAD build/stm32f4xx_dac.o
LOAD build/stm32f4xx_dbgmcu.o
LOAD build/stm32f4xx_dcmi.o
LOAD build/stm32f4xx_dma.o
LOAD build/stm32f4xx_dma2d.o
LOAD build/stm32f4xx_dsi.o
LOAD build/stm32f4xx_exti.o
LOAD build/stm32f4xx_flash.o
LOAD build/stm32f4xx_flash_ramfunc.o
LOAD build/stm32f4xx_fmpi2c.o
LOAD build/stm32f4xx_fsmc.o
LOAD build/stm32f4xx_gpio.o
LOAD build/stm32f4xx_hash.o
LOAD build/stm32f4xx_hash_md5.o
LOAD build/stm32f4xx_hash_sha1.o
LOAD build/stm32f4xx_i2c.o
LOAD build/stm32f4xx_iwdg.o
LOAD build/stm32f4xx_lptim.o
LOAD build/stm32f4xx_ltdc.o
LOAD build/stm32f4xx_pwr.o
LOAD build/stm32f4xx_qspi.o
LOAD build/stm32f4xx_rcc.o
LOAD build/stm32f4xx_rng.o
LOAD build/stm32f4xx_rtc.o
LOAD build/stm32f4xx_sai.o
LOAD build/stm32f4xx_sdio.o
LOAD build/stm32f4xx_spdifrx.o
LOAD build/stm32f4xx_spi.o
LOAD build/stm32f4xx_syscfg.o
LOAD build/stm32f4xx_tim.o
LOAD build/stm32f4xx_usart.o
LOAD build/stm32f4xx_wwdg.o
LOAD build/bsp_can.o
LOAD build/bsp_led.o
LOAD build/bsp_tim3.o
LOAD build/delay.o
LOAD build/system_stm32f4xx.o
LOAD build/objectlist.o
LOAD build/esc_hw.o
LOAD build/ecat_slv.o
LOAD build/esc.o
LOAD build/esc_coe.o
LOAD build/esc_eep.o
LOAD build/esc_eoe.o
LOAD build/esc_foe.o
LOAD build/esc_irq.o
LOAD build/rst.o
LOAD build/spi.o
LOAD build/startup_stm32f405xx.o
LOAD /usr/share/gcc-arm-none-eabi-10.3-2021.10/bin/../lib/gcc/arm-none-eabi/10.3.1/../../../../arm-none-eabi/lib/thumb/v7e-m+fp/hard/libc_nano.a
LOAD /usr/share/gcc-arm-none-eabi-10.3-2021.10/bin/../lib/gcc/arm-none-eabi/10.3.1/../../../../arm-none-eabi/lib/thumb/v7e-m+fp/hard/libm.a
LOAD /usr/share/gcc-arm-none-eabi-10.3-2021.10/bin/../lib/gcc/arm-none-eabi/10.3.1/../../../../arm-none-eabi/lib/thumb/v7e-m+fp/hard/libnosys.a
START GROUP
LOAD /usr/share/gcc-arm-none-eabi-10.3-2021.10/bin/../lib/gcc/arm-none-eabi/10.3.1/thumb/v7e-m+fp/hard/libgcc.a
LOAD /usr/share/gcc-arm-none-eabi-10.3-2021.10/bin/../lib/gcc/arm-none-eabi/10.3.1/../../../../arm-none-eabi/lib/thumb/v7e-m+fp/hard/libc_nano.a
END GROUP
START GROUP
LOAD /usr/share/gcc-arm-none-eabi-10.3-2021.10/bin/../lib/gcc/arm-none-eabi/10.3.1/thumb/v7e-m+fp/hard/libgcc.a
LOAD /usr/share/gcc-arm-none-eabi-10.3-2021.10/bin/../lib/gcc/arm-none-eabi/10.3.1/../../../../arm-none-eabi/lib/thumb/v7e-m+fp/hard/libc_nano.a
END GROUP
LOAD /usr/share/gcc-arm-none-eabi-10.3-2021.10/bin/../lib/gcc/arm-none-eabi/10.3.1/thumb/v7e-m+fp/hard/crtend.o
LOAD /usr/share/gcc-arm-none-eabi-10.3-2021.10/bin/../lib/gcc/arm-none-eabi/10.3.1/thumb/v7e-m+fp/hard/crtn.o
                0x0000000020020000                _estack = (ORIGIN (RAM) + LENGTH (RAM))
                0x0000000000000200                _Min_Heap_Size = 0x200
                0x0000000000000400                _Min_Stack_Size = 0x400

.isr_vector     0x0000000008000000      0x188
                0x0000000008000000                . = ALIGN (0x4)
 *(.isr_vector)
 .isr_vector    0x0000000008000000      0x188 build/startup_stm32f405xx.o
                0x0000000008000000                g_pfnVectors
                0x0000000008000188                . = ALIGN (0x4)

.text           0x0000000008000190     0x5228
                0x0000000008000190                . = ALIGN (0x4)
 *(.text)
 .text          0x0000000008000190       0x40 /usr/share/gcc-arm-none-eabi-10.3-2021.10/bin/../lib/gcc/arm-none-eabi/10.3.1/thumb/v7e-m+fp/hard/crtbegin.o
 .text          0x00000000080001d0       0xa0 /usr/share/gcc-arm-none-eabi-10.3-2021.10/bin/../lib/gcc/arm-none-eabi/10.3.1/../../../../arm-none-eabi/lib/thumb/v7e-m+fp/hard/libc_nano.a(lib_a-memchr.o)
                0x00000000080001d0                memchr
 *(.text*)
 .text.ecatapp  0x0000000008000270        0x2 build/ecatapp.o
                0x0000000008000270                ecatapp
 *fill*         0x0000000008000272        0x2 
 .text.check_dc_handler
                0x0000000008000274       0x3c build/ecatapp.o
                0x0000000008000274                check_dc_handler
 .text.EXTI0_IRQHandler
                0x00000000080002b0       0x20 build/ecatapp.o
                0x00000000080002b0                EXTI0_IRQHandler
 .text.EXTI9_5_IRQHandler
                0x00000000080002d0       0x30 build/ecatapp.o
                0x00000000080002d0                EXTI9_5_IRQHandler
 .text.ecatapp_init
                0x0000000008000300       0x14 build/ecatapp.o
                0x0000000008000300                ecatapp_init
 .text.cb_get_inputs
                0x0000000008000314        0x2 build/ecatapp.o
                0x0000000008000314                cb_get_inputs
 *fill*         0x0000000008000316        0x2 
 .text.cb_set_outputs
                0x0000000008000318       0x2c build/ecatapp.o
                0x0000000008000318                cb_set_outputs
 .text.ecatapp_loop
                0x0000000008000344       0x6c build/ecatapp.o
                0x0000000008000344                ecatapp_loop
 .text.main     0x00000000080003b0       0x48 build/main.o
                0x00000000080003b0                main
 .text.TIM6_DAC_IRQHandler
                0x00000000080003f8       0x1c build/main.o
                0x00000000080003f8                TIM6_DAC_IRQHandler
 .text.spi_dma_prepare_transmission
                0x0000000008000414       0x26 build/pdo_override.o
                0x0000000008000414                spi_dma_prepare_transmission
 *fill*         0x000000000800043a        0x2 
 .text.DMA1_Stream3_IRQHandler
                0x000000000800043c       0x38 build/pdo_override.o
                0x000000000800043c                DMA1_Stream3_IRQHandler
 .text.spi_dma_setup
                0x0000000008000474       0xb4 build/pdo_override.o
                0x0000000008000474                spi_dma_setup
 .text.spi_dma_start
                0x0000000008000528       0x54 build/pdo_override.o
                0x0000000008000528                spi_dma_start
 .text.spi_dma_stop
                0x000000000800057c       0x58 build/pdo_override.o
                0x000000000800057c                spi_dma_stop
 .text.spi_dma_rxpdo_start
                0x00000000080005d4       0x2c build/pdo_override.o
                0x00000000080005d4                spi_dma_rxpdo_start
 .text.spi_dma_txpdo_start
                0x0000000008000600       0x1c build/pdo_override.o
                0x0000000008000600                spi_dma_txpdo_start
 .text.init_override
                0x000000000800061c        0xc build/pdo_override.o
                0x000000000800061c                init_override
 .text.on_rxpdo_transfer_finished
                0x0000000008000628       0x34 build/pdo_override.o
                0x0000000008000628                on_rxpdo_transfer_finished
 .text.rxpdo_override
                0x000000000800065c       0x1c build/pdo_override.o
                0x000000000800065c                rxpdo_override
 .text.on_txpdo_transfer_finished
                0x0000000008000678       0x1c build/pdo_override.o
                0x0000000008000678                on_txpdo_transfer_finished
 .text.txpdo_override
                0x0000000008000694       0x38 build/pdo_override.o
                0x0000000008000694                txpdo_override
 .text.NVIC_PriorityGroupConfig
                0x00000000080006cc       0x14 build/misc.o
                0x00000000080006cc                NVIC_PriorityGroupConfig
 .text.NVIC_Init
                0x00000000080006e0       0x64 build/misc.o
                0x00000000080006e0                NVIC_Init
 .text.CAN_Receive
                0x0000000008000744       0xac build/stm32f4xx_can.o
                0x0000000008000744                CAN_Receive
 .text.DMA_DeInit
                0x00000000080007f0      0x158 build/stm32f4xx_dma.o
                0x00000000080007f0                DMA_DeInit
 .text.DMA_Init
                0x0000000008000948       0x58 build/stm32f4xx_dma.o
                0x0000000008000948                DMA_Init
 .text.DMA_StructInit
                0x00000000080009a0       0x22 build/stm32f4xx_dma.o
                0x00000000080009a0                DMA_StructInit
 .text.DMA_Cmd  0x00000000080009c2       0x16 build/stm32f4xx_dma.o
                0x00000000080009c2                DMA_Cmd
 .text.DMA_GetCmdStatus
                0x00000000080009d8       0x10 build/stm32f4xx_dma.o
                0x00000000080009d8                DMA_GetCmdStatus
 .text.DMA_ClearFlag
                0x00000000080009e8       0x34 build/stm32f4xx_dma.o
                0x00000000080009e8                DMA_ClearFlag
 .text.DMA_ITConfig
                0x0000000008000a1c       0x3a build/stm32f4xx_dma.o
                0x0000000008000a1c                DMA_ITConfig
 *fill*         0x0000000008000a56        0x2 
 .text.DMA_GetITStatus
                0x0000000008000a58       0x60 build/stm32f4xx_dma.o
                0x0000000008000a58                DMA_GetITStatus
 .text.DMA_ClearITPendingBit
                0x0000000008000ab8       0x34 build/stm32f4xx_dma.o
                0x0000000008000ab8                DMA_ClearITPendingBit
 .text.EXTI_Init
                0x0000000008000aec       0x90 build/stm32f4xx_exti.o
                0x0000000008000aec                EXTI_Init
 .text.EXTI_GetITStatus
                0x0000000008000b7c       0x14 build/stm32f4xx_exti.o
                0x0000000008000b7c                EXTI_GetITStatus
 .text.EXTI_ClearITPendingBit
                0x0000000008000b90        0xc build/stm32f4xx_exti.o
                0x0000000008000b90                EXTI_ClearITPendingBit
 .text.GPIO_Init
                0x0000000008000b9c       0xa6 build/stm32f4xx_gpio.o
                0x0000000008000b9c                GPIO_Init
 .text.GPIO_SetBits
                0x0000000008000c42        0x4 build/stm32f4xx_gpio.o
                0x0000000008000c42                GPIO_SetBits
 .text.GPIO_ResetBits
                0x0000000008000c46        0x4 build/stm32f4xx_gpio.o
                0x0000000008000c46                GPIO_ResetBits
 .text.GPIO_ToggleBits
                0x0000000008000c4a        0x8 build/stm32f4xx_gpio.o
                0x0000000008000c4a                GPIO_ToggleBits
 .text.GPIO_PinAFConfig
                0x0000000008000c52       0x34 build/stm32f4xx_gpio.o
                0x0000000008000c52                GPIO_PinAFConfig
 *fill*         0x0000000008000c86        0x2 
 .text.RCC_AHB1PeriphClockCmd
                0x0000000008000c88       0x1c build/stm32f4xx_rcc.o
                0x0000000008000c88                RCC_AHB1PeriphClockCmd
 .text.RCC_APB1PeriphClockCmd
                0x0000000008000ca4       0x1c build/stm32f4xx_rcc.o
                0x0000000008000ca4                RCC_APB1PeriphClockCmd
 .text.RCC_APB2PeriphClockCmd
                0x0000000008000cc0       0x1c build/stm32f4xx_rcc.o
                0x0000000008000cc0                RCC_APB2PeriphClockCmd
 .text.RCC_APB1PeriphResetCmd
                0x0000000008000cdc       0x1c build/stm32f4xx_rcc.o
                0x0000000008000cdc                RCC_APB1PeriphResetCmd
 .text.RCC_APB2PeriphResetCmd
                0x0000000008000cf8       0x1c build/stm32f4xx_rcc.o
                0x0000000008000cf8                RCC_APB2PeriphResetCmd
 .text.SPI_I2S_DeInit
                0x0000000008000d14       0xc4 build/stm32f4xx_spi.o
                0x0000000008000d14                SPI_I2S_DeInit
 .text.SPI_Init
                0x0000000008000dd8       0x4e build/stm32f4xx_spi.o
                0x0000000008000dd8                SPI_Init
 .text.SPI_Cmd  0x0000000008000e26       0x1c build/stm32f4xx_spi.o
                0x0000000008000e26                SPI_Cmd
 .text.SPI_I2S_ReceiveData
                0x0000000008000e42        0x6 build/stm32f4xx_spi.o
                0x0000000008000e42                SPI_I2S_ReceiveData
 .text.SPI_I2S_SendData
                0x0000000008000e48        0x4 build/stm32f4xx_spi.o
                0x0000000008000e48                SPI_I2S_SendData
 .text.SPI_I2S_DMACmd
                0x0000000008000e4c       0x18 build/stm32f4xx_spi.o
                0x0000000008000e4c                SPI_I2S_DMACmd
 .text.SPI_I2S_GetFlagStatus
                0x0000000008000e64        0xe build/stm32f4xx_spi.o
                0x0000000008000e64                SPI_I2S_GetFlagStatus
 *fill*         0x0000000008000e72        0x2 
 .text.SYSCFG_EXTILineConfig
                0x0000000008000e74       0x38 build/stm32f4xx_syscfg.o
                0x0000000008000e74                SYSCFG_EXTILineConfig
 .text.TIM_GetITStatus
                0x0000000008000eac       0x18 build/stm32f4xx_tim.o
                0x0000000008000eac                TIM_GetITStatus
 .text.TIM_ClearITPendingBit
                0x0000000008000ec4        0x8 build/stm32f4xx_tim.o
                0x0000000008000ec4                TIM_ClearITPendingBit
 .text.CAN1_RX0_IRQHandler
                0x0000000008000ecc       0x18 build/bsp_can.o
                0x0000000008000ecc                CAN1_RX0_IRQHandler
 .text.CAN2_RX0_IRQHandler
                0x0000000008000ee4       0x18 build/bsp_can.o
                0x0000000008000ee4                CAN2_RX0_IRQHandler
 .text.led_setup
                0x0000000008000efc       0x78 build/bsp_led.o
                0x0000000008000efc                led_setup
 .text.SysTick_Handler
                0x0000000008000f74       0x10 build/delay.o
                0x0000000008000f74                SysTick_Handler
 .text.SetSysClock
                0x0000000008000f84       0xc4 build/system_stm32f4xx.o
 .text.SystemInit
                0x0000000008001048       0x50 build/system_stm32f4xx.o
                0x0000000008001048                SystemInit
 .text.esc_address
                0x0000000008001098       0x3c build/esc_hw.o
 .text.ESC_read
                0x00000000080010d4       0x48 build/esc_hw.o
                0x00000000080010d4                ESC_read
 .text.ESC_write
                0x000000000800111c       0x34 build/esc_hw.o
                0x000000000800111c                ESC_write
 .text.ESC_init
                0x0000000008001150       0x28 build/esc_hw.o
                0x0000000008001150                ESC_init
 .text.ESC_interrupt_enable
                0x0000000008001178       0x24 build/esc_hw.o
                0x0000000008001178                ESC_interrupt_enable
 .text.ESC_interrupt_disable
                0x000000000800119c       0x26 build/esc_hw.o
                0x000000000800119c                ESC_interrupt_disable
 *fill*         0x00000000080011c2        0x2 
 .text.ESC_enable_DC
                0x00000000080011c4       0xd4 build/esc_hw.o
                0x00000000080011c4                ESC_enable_DC
 .text.ESC_download_pre_objecthandler
                0x0000000008001298       0x7c build/ecat_slv.o
                0x0000000008001298                ESC_download_pre_objecthandler
 .text.ESC_download_post_objecthandler
                0x0000000008001314       0x14 build/ecat_slv.o
                0x0000000008001314                ESC_download_post_objecthandler
 .text.ESC_upload_pre_objecthandler
                0x0000000008001328       0x20 build/ecat_slv.o
                0x0000000008001328                ESC_upload_pre_objecthandler
 .text.ESC_upload_post_objecthandler
                0x0000000008001348       0x14 build/ecat_slv.o
                0x0000000008001348                ESC_upload_post_objecthandler
 .text.APP_safeoutput
                0x000000000800135c       0x10 build/ecat_slv.o
                0x000000000800135c                APP_safeoutput
 .text.TXPDO_update
                0x000000000800136c       0x38 build/ecat_slv.o
                0x000000000800136c                TXPDO_update
 .text.RXPDO_update
                0x00000000080013a4       0x38 build/ecat_slv.o
                0x00000000080013a4                RXPDO_update
 .text.APP_setwatchdog
                0x00000000080013dc       0x14 build/ecat_slv.o
                0x00000000080013dc                APP_setwatchdog
 .text.DIG_process
                0x00000000080013f0      0x130 build/ecat_slv.o
                0x00000000080013f0                DIG_process
 .text.ecat_slv_poll
                0x0000000008001520       0x40 build/ecat_slv.o
                0x0000000008001520                ecat_slv_poll
 .text.ecat_slv_init
                0x0000000008001560       0x58 build/ecat_slv.o
                0x0000000008001560                ecat_slv_init
 .text.ESC_check_id_request
                0x00000000080015b8       0x4e build/esc.o
 *fill*         0x0000000008001606        0x2 
 .text.ESC_ALerror
                0x0000000008001608       0x28 build/esc.o
                0x0000000008001608                ESC_ALerror
 .text.ESC_load_device_id
                0x0000000008001630       0x40 build/esc.o
 .text.ESC_ALstatus
                0x0000000008001670       0x28 build/esc.o
                0x0000000008001670                ESC_ALstatus
 .text.ESC_ALeventmaskwrite
                0x0000000008001698       0x1a build/esc.o
                0x0000000008001698                ESC_ALeventmaskwrite
 .text.ESC_ALeventmaskread
                0x00000000080016b2       0x1a build/esc.o
                0x00000000080016b2                ESC_ALeventmaskread
 .text.ESC_SMack
                0x00000000080016cc       0x1a build/esc.o
                0x00000000080016cc                ESC_SMack
 *fill*         0x00000000080016e6        0x2 
 .text.ESC_SMstatus
                0x00000000080016e8       0x20 build/esc.o
                0x00000000080016e8                ESC_SMstatus
 .text.ESC_SMwritepdi
                0x0000000008001708       0x20 build/esc.o
                0x0000000008001708                ESC_SMwritepdi
 .text.ESC_SMenable
                0x0000000008001728       0x20 build/esc.o
                0x0000000008001728                ESC_SMenable
 .text.ESC_SMdisable
                0x0000000008001748       0x20 build/esc.o
                0x0000000008001748                ESC_SMdisable
 .text.ESC_address
                0x0000000008001768       0x14 build/esc.o
                0x0000000008001768                ESC_address
 .text.ESC_SYNCactivation
                0x000000000800177c       0x1c build/esc.o
                0x000000000800177c                ESC_SYNCactivation
 .text.ESC_checkDC
                0x0000000008001798       0x2c build/esc.o
                0x0000000008001798                ESC_checkDC
 .text.ESC_checkmbx
                0x00000000080017c4       0xbc build/esc.o
                0x00000000080017c4                ESC_checkmbx
 .text.ESC_startmbx
                0x0000000008001880       0x68 build/esc.o
                0x0000000008001880                ESC_startmbx
 .text.ESC_startmbxboot
                0x00000000080018e8       0x6c build/esc.o
                0x00000000080018e8                ESC_startmbxboot
 .text.ESC_stopmbx
                0x0000000008001954       0x6c build/esc.o
                0x0000000008001954                ESC_stopmbx
 .text.ESC_readmbx
                0x00000000080019c0       0x74 build/esc.o
                0x00000000080019c0                ESC_readmbx
 .text.ESC_writembx
                0x0000000008001a34       0x5c build/esc.o
                0x0000000008001a34                ESC_writembx
 .text.ESC_ackmbxread
                0x0000000008001a90       0x28 build/esc.o
                0x0000000008001a90                ESC_ackmbxread
 .text.ESC_claimbuffer
                0x0000000008001ab8       0x80 build/esc.o
                0x0000000008001ab8                ESC_claimbuffer
 .text.ESC_outreqbuffer
                0x0000000008001b38       0x18 build/esc.o
                0x0000000008001b38                ESC_outreqbuffer
 .text.MBX_error
                0x0000000008001b50       0x50 build/esc.o
                0x0000000008001b50                MBX_error
 .text.ESC_mbxprocess
                0x0000000008001ba0      0x1cc build/esc.o
                0x0000000008001ba0                ESC_mbxprocess
 .text.ESC_xoeprocess
                0x0000000008001d6c       0x50 build/esc.o
                0x0000000008001d6c                ESC_xoeprocess
 .text.ESC_checkSM23
                0x0000000008001dbc       0xf4 build/esc.o
                0x0000000008001dbc                ESC_checkSM23
 .text.ESC_startinput
                0x0000000008001eb0       0xbc build/esc.o
                0x0000000008001eb0                ESC_startinput
 .text.ESC_stopinput
                0x0000000008001f6c       0x38 build/esc.o
                0x0000000008001f6c                ESC_stopinput
 .text.ESC_startoutput
                0x0000000008001fa4       0x3c build/esc.o
                0x0000000008001fa4                ESC_startoutput
 .text.ESC_stopoutput
                0x0000000008001fe0       0x2c build/esc.o
                0x0000000008001fe0                ESC_stopoutput
 .text.ESC_ALstatusgotoerror
                0x000000000800200c       0x7c build/esc.o
                0x000000000800200c                ESC_ALstatusgotoerror
 .text.ESC_sm_act_event
                0x0000000008002088      0x114 build/esc.o
                0x0000000008002088                ESC_sm_act_event
 .text.ESC_state
                0x000000000800219c      0x3a8 build/esc.o
                0x000000000800219c                ESC_state
 .text.ESC_config
                0x0000000008002544       0x9c build/esc.o
                0x0000000008002544                ESC_config
 .text.init_coesdo
                0x00000000080025e0       0x2e build/esc_coe.o
 .text.COE_bitsliceGet
                0x000000000800260e       0xa4 build/esc_coe.o
 .text.COE_bitsliceSet
                0x00000000080026b2      0x112 build/esc_coe.o
 .text.COE_setValue
                0x00000000080027c4       0x5e build/esc_coe.o
 *fill*         0x0000000008002822        0x2 
 .text.SDO_getodlistcont
                0x0000000008002824       0xd0 build/esc_coe.o
 .text.SDO_infoerror
                0x00000000080028f4       0x6c build/esc_coe.o
 .text.SDO_getodlist
                0x0000000008002960      0x13c build/esc_coe.o
 .text.SDO_abort
                0x0000000008002a9c       0x64 build/esc_coe.o
 .text.set_state_idle
                0x0000000008002b00       0x20 build/esc_coe.o
 .text.copy2mbx
                0x0000000008002b20        0xe build/esc_coe.o
 *fill*         0x0000000008002b2e        0x2 
 .text.SDO_uploadsegment
                0x0000000008002b30      0x100 build/esc_coe.o
 .text.complete_access_subindex_loop
                0x0000000008002c30      0x170 build/esc_coe.o
 .text.COE_getValue
                0x0000000008002da0       0x80 build/esc_coe.o
 .text.SDO_findsubindex
                0x0000000008002e20       0x58 build/esc_coe.o
                0x0000000008002e20                SDO_findsubindex
 .text.SDO_findobject
                0x0000000008002e78       0x20 build/esc_coe.o
                0x0000000008002e78                SDO_findobject
 .text.complete_access_get_variables
                0x0000000008002e98       0x4c build/esc_coe.o
 .text.SDO_upload_complete_access
                0x0000000008002ee4      0x208 build/esc_coe.o
 .text.SDO_download_complete_access
                0x00000000080030ec      0x1d4 build/esc_coe.o
 .text.SDO_upload
                0x00000000080032c0      0x214 build/esc_coe.o
 .text.SDO_download
                0x00000000080034d4      0x21c build/esc_coe.o
 .text.SDO_downloadsegment
                0x00000000080036f0      0x158 build/esc_coe.o
 .text.SDO_getod
                0x0000000008003848      0x12c build/esc_coe.o
 .text.SDO_geted
                0x0000000008003974       0xf0 build/esc_coe.o
 .text.sizeOfPDO
                0x0000000008003a64      0x188 build/esc_coe.o
                0x0000000008003a64                sizeOfPDO
 .text.ESC_coeprocess
                0x0000000008003bec      0x150 build/esc_coe.o
                0x0000000008003bec                ESC_coeprocess
 .text.COE_initDefaultValues
                0x0000000008003d3c       0x6c build/esc_coe.o
                0x0000000008003d3c                COE_initDefaultValues
 .text.COE_pdoPack
                0x0000000008003da8       0x78 build/esc_coe.o
                0x0000000008003da8                COE_pdoPack
 .text.COE_pdoUnpack
                0x0000000008003e20       0x70 build/esc_coe.o
                0x0000000008003e20                COE_pdoUnpack
 .text.COE_maxSub
                0x0000000008003e90       0x28 build/esc_coe.o
                0x0000000008003e90                COE_maxSub
 .text.EXTILine0_Config
                0x0000000008003eb8       0x74 build/esc_irq.o
                0x0000000008003eb8                EXTILine0_Config
 .text.EXTILine0_Disable
                0x0000000008003f2c       0x4c build/esc_irq.o
                0x0000000008003f2c                EXTILine0_Disable
 .text.EXTILine8_Config
                0x0000000008003f78       0x78 build/esc_irq.o
                0x0000000008003f78                EXTILine8_Config
 .text.EXTILine8_Disable
                0x0000000008003ff0       0x50 build/esc_irq.o
                0x0000000008003ff0                EXTILine8_Disable
 .text.rst_high
                0x0000000008004040       0x10 build/rst.o
                0x0000000008004040                rst_high
 .text.rst_setup
                0x0000000008004050       0x3c build/rst.o
                0x0000000008004050                rst_setup
 .text.spi_gpio_setup
                0x000000000800408c       0xc4 build/spi.o
                0x000000000800408c                spi_gpio_setup
 .text.spi_setup
                0x0000000008004150       0x70 build/spi.o
                0x0000000008004150                spi_setup
 .text.spi_select
                0x00000000080041c0       0x14 build/spi.o
                0x00000000080041c0                spi_select
 .text.spi_unselect
                0x00000000080041d4       0x14 build/spi.o
                0x00000000080041d4                spi_unselect
 .text.spi_write
                0x00000000080041e8       0x30 build/spi.o
                0x00000000080041e8                spi_write
 .text.spi_bidirectionally_transfer
                0x0000000008004218       0x3c build/spi.o
                0x0000000008004218                spi_bidirectionally_transfer
 .text.Reset_Handler
                0x0000000008004254       0x50 build/startup_stm32f405xx.o
                0x0000000008004254                Reset_Handler
 .text.Default_Handler
                0x00000000080042a4        0x2 build/startup_stm32f405xx.o
                0x00000000080042a4                RTC_Alarm_IRQHandler
                0x00000000080042a4                HASH_RNG_IRQHandler
                0x00000000080042a4                EXTI2_IRQHandler
                0x00000000080042a4                TIM8_CC_IRQHandler
                0x00000000080042a4                DebugMon_Handler
                0x00000000080042a4                TIM1_CC_IRQHandler
                0x00000000080042a4                DMA2_Stream5_IRQHandler
                0x00000000080042a4                HardFault_Handler
                0x00000000080042a4                DMA1_Stream5_IRQHandler
                0x00000000080042a4                PVD_IRQHandler
                0x00000000080042a4                SDIO_IRQHandler
                0x00000000080042a4                TAMP_STAMP_IRQHandler
                0x00000000080042a4                PendSV_Handler
                0x00000000080042a4                NMI_Handler
                0x00000000080042a4                CAN2_RX1_IRQHandler
                0x00000000080042a4                EXTI3_IRQHandler
                0x00000000080042a4                TIM8_TRG_COM_TIM14_IRQHandler
                0x00000000080042a4                TIM1_UP_TIM10_IRQHandler
                0x00000000080042a4                TIM8_UP_TIM13_IRQHandler
                0x00000000080042a4                I2C3_ER_IRQHandler
                0x00000000080042a4                I2C2_EV_IRQHandler
                0x00000000080042a4                DMA1_Stream2_IRQHandler
                0x00000000080042a4                FPU_IRQHandler
                0x00000000080042a4                OTG_HS_WKUP_IRQHandler
                0x00000000080042a4                UsageFault_Handler
                0x00000000080042a4                CAN2_SCE_IRQHandler
                0x00000000080042a4                DMA2_Stream2_IRQHandler
                0x00000000080042a4                SPI1_IRQHandler
                0x00000000080042a4                TIM1_BRK_TIM9_IRQHandler
                0x00000000080042a4                DMA2_Stream3_IRQHandler
                0x00000000080042a4                USART6_IRQHandler
                0x00000000080042a4                USART3_IRQHandler
                0x00000000080042a4                CAN1_RX1_IRQHandler
                0x00000000080042a4                UART5_IRQHandler
                0x00000000080042a4                DMA2_Stream0_IRQHandler
                0x00000000080042a4                TIM4_IRQHandler
                0x00000000080042a4                I2C1_EV_IRQHandler
                0x00000000080042a4                DMA1_Stream6_IRQHandler
                0x00000000080042a4                DMA1_Stream1_IRQHandler
                0x00000000080042a4                UART4_IRQHandler
                0x00000000080042a4                TIM3_IRQHandler
                0x00000000080042a4                RCC_IRQHandler
                0x00000000080042a4                TIM8_BRK_TIM12_IRQHandler
                0x00000000080042a4                Default_Handler
                0x00000000080042a4                EXTI15_10_IRQHandler
                0x00000000080042a4                ADC_IRQHandler
                0x00000000080042a4                DMA1_Stream7_IRQHandler
                0x00000000080042a4                TIM7_IRQHandler
                0x00000000080042a4                CAN2_TX_IRQHandler
                0x00000000080042a4                TIM5_IRQHandler
                0x00000000080042a4                DMA2_Stream7_IRQHandler
                0x00000000080042a4                I2C3_EV_IRQHandler
                0x00000000080042a4                RTC_WKUP_IRQHandler
                0x00000000080042a4                SPI2_IRQHandler
                0x00000000080042a4                OTG_HS_EP1_IN_IRQHandler
                0x00000000080042a4                MemManage_Handler
                0x00000000080042a4                DMA1_Stream0_IRQHandler
                0x00000000080042a4                CAN1_TX_IRQHandler
                0x00000000080042a4                SVC_Handler
                0x00000000080042a4                EXTI4_IRQHandler
                0x00000000080042a4                FSMC_IRQHandler
                0x00000000080042a4                OTG_HS_EP1_OUT_IRQHandler
                0x00000000080042a4                WWDG_IRQHandler
                0x00000000080042a4                TIM2_IRQHandler
                0x00000000080042a4                OTG_FS_WKUP_IRQHandler
                0x00000000080042a4                TIM1_TRG_COM_TIM11_IRQHandler
                0x00000000080042a4                OTG_HS_IRQHandler
                0x00000000080042a4                EXTI1_IRQHandler
                0x00000000080042a4                USART2_IRQHandler
                0x00000000080042a4                I2C2_ER_IRQHandler
                0x00000000080042a4                DMA2_Stream1_IRQHandler
                0x00000000080042a4                CAN1_SCE_IRQHandler
                0x00000000080042a4                FLASH_IRQHandler
                0x00000000080042a4                DMA2_Stream4_IRQHandler
                0x00000000080042a4                BusFault_Handler
                0x00000000080042a4                USART1_IRQHandler
                0x00000000080042a4                OTG_FS_IRQHandler
                0x00000000080042a4                SPI3_IRQHandler
                0x00000000080042a4                DMA1_Stream4_IRQHandler
                0x00000000080042a4                I2C1_ER_IRQHandler
                0x00000000080042a4                DMA2_Stream6_IRQHandler
 *fill*         0x00000000080042a6        0x2 
 .text.__assert_func
                0x00000000080042a8       0x3c /usr/share/gcc-arm-none-eabi-10.3-2021.10/bin/../lib/gcc/arm-none-eabi/10.3.1/../../../../arm-none-eabi/lib/thumb/v7e-m+fp/hard/libc_nano.a(lib_a-assert.o)
                0x00000000080042a8                __assert_func
 .text.fprintf  0x00000000080042e4       0x24 /usr/share/gcc-arm-none-eabi-10.3-2021.10/bin/../lib/gcc/arm-none-eabi/10.3.1/../../../../arm-none-eabi/lib/thumb/v7e-m+fp/hard/libc_nano.a(lib_a-fprintf.o)
                0x00000000080042e4                fprintf
                0x00000000080042e4                fiprintf
 .text.__libc_init_array
                0x0000000008004308       0x48 /usr/share/gcc-arm-none-eabi-10.3-2021.10/bin/../lib/gcc/arm-none-eabi/10.3.1/../../../../arm-none-eabi/lib/thumb/v7e-m+fp/hard/libc_nano.a(lib_a-init.o)
                0x0000000008004308                __libc_init_array
 .text.memcpy   0x0000000008004350       0x1c /usr/share/gcc-arm-none-eabi-10.3-2021.10/bin/../lib/gcc/arm-none-eabi/10.3.1/../../../../arm-none-eabi/lib/thumb/v7e-m+fp/hard/libc_nano.a(lib_a-memcpy-stub.o)
                0x0000000008004350                memcpy
 .text.memset   0x000000000800436c       0x10 /usr/share/gcc-arm-none-eabi-10.3-2021.10/bin/../lib/gcc/arm-none-eabi/10.3.1/../../../../arm-none-eabi/lib/thumb/v7e-m+fp/hard/libc_nano.a(lib_a-memset.o)
                0x000000000800436c                memset
 .text.__sfputc_r
                0x000000000800437c       0x2e /usr/share/gcc-arm-none-eabi-10.3-2021.10/bin/../lib/gcc/arm-none-eabi/10.3.1/../../../../arm-none-eabi/lib/thumb/v7e-m+fp/hard/libc_nano.a(lib_a-nano-vfprintf.o)
 .text.__sfputs_r
                0x00000000080043aa       0x24 /usr/share/gcc-arm-none-eabi-10.3-2021.10/bin/../lib/gcc/arm-none-eabi/10.3.1/../../../../arm-none-eabi/lib/thumb/v7e-m+fp/hard/libc_nano.a(lib_a-nano-vfprintf.o)
                0x00000000080043aa                __sfputs_r
 *fill*         0x00000000080043ce        0x2 
 .text._vfprintf_r
                0x00000000080043d0      0x260 /usr/share/gcc-arm-none-eabi-10.3-2021.10/bin/../lib/gcc/arm-none-eabi/10.3.1/../../../../arm-none-eabi/lib/thumb/v7e-m+fp/hard/libc_nano.a(lib_a-nano-vfprintf.o)
                0x00000000080043d0                _vfiprintf_r
                0x00000000080043d0                _vfprintf_r
 .text._printf_common
                0x0000000008004630       0xda /usr/share/gcc-arm-none-eabi-10.3-2021.10/bin/../lib/gcc/arm-none-eabi/10.3.1/../../../../arm-none-eabi/lib/thumb/v7e-m+fp/hard/libc_nano.a(lib_a-nano-vfprintf_i.o)
                0x0000000008004630                _printf_common
 *fill*         0x000000000800470a        0x2 
 .text._printf_i
                0x000000000800470c      0x24c /usr/share/gcc-arm-none-eabi-10.3-2021.10/bin/../lib/gcc/arm-none-eabi/10.3.1/../../../../arm-none-eabi/lib/thumb/v7e-m+fp/hard/libc_nano.a(lib_a-nano-vfprintf_i.o)
                0x000000000800470c                _printf_i
 .text.__swbuf_r
                0x0000000008004958       0xa4 /usr/share/gcc-arm-none-eabi-10.3-2021.10/bin/../lib/gcc/arm-none-eabi/10.3.1/../../../../arm-none-eabi/lib/thumb/v7e-m+fp/hard/libc_nano.a(lib_a-wbuf.o)
                0x0000000008004958                __swbuf_r
 .text.__swsetup_r
                0x00000000080049fc       0xdc /usr/share/gcc-arm-none-eabi-10.3-2021.10/bin/../lib/gcc/arm-none-eabi/10.3.1/../../../../arm-none-eabi/lib/thumb/v7e-m+fp/hard/libc_nano.a(lib_a-wsetup.o)
                0x00000000080049fc                __swsetup_r
 .text.abort    0x0000000008004ad8        0xe /usr/share/gcc-arm-none-eabi-10.3-2021.10/bin/../lib/gcc/arm-none-eabi/10.3.1/../../../../arm-none-eabi/lib/thumb/v7e-m+fp/hard/libc_nano.a(lib_a-abort.o)
                0x0000000008004ad8                abort
 *fill*         0x0000000008004ae6        0x2 
 .text.__sflush_r
                0x0000000008004ae8      0x10c /usr/share/gcc-arm-none-eabi-10.3-2021.10/bin/../lib/gcc/arm-none-eabi/10.3.1/../../../../arm-none-eabi/lib/thumb/v7e-m+fp/hard/libc_nano.a(lib_a-fflush.o)
                0x0000000008004ae8                __sflush_r
 .text._fflush_r
                0x0000000008004bf4       0x78 /usr/share/gcc-arm-none-eabi-10.3-2021.10/bin/../lib/gcc/arm-none-eabi/10.3.1/../../../../arm-none-eabi/lib/thumb/v7e-m+fp/hard/libc_nano.a(lib_a-fflush.o)
                0x0000000008004bf4                _fflush_r
 .text.std      0x0000000008004c6c       0x48 /usr/share/gcc-arm-none-eabi-10.3-2021.10/bin/../lib/gcc/arm-none-eabi/10.3.1/../../../../arm-none-eabi/lib/thumb/v7e-m+fp/hard/libc_nano.a(lib_a-findfp.o)
 .text._cleanup_r
                0x0000000008004cb4        0xc /usr/share/gcc-arm-none-eabi-10.3-2021.10/bin/../lib/gcc/arm-none-eabi/10.3.1/../../../../arm-none-eabi/lib/thumb/v7e-m+fp/hard/libc_nano.a(lib_a-findfp.o)
                0x0000000008004cb4                _cleanup_r
 .text.__sfmoreglue
                0x0000000008004cc0       0x2c /usr/share/gcc-arm-none-eabi-10.3-2021.10/bin/../lib/gcc/arm-none-eabi/10.3.1/../../../../arm-none-eabi/lib/thumb/v7e-m+fp/hard/libc_nano.a(lib_a-findfp.o)
                0x0000000008004cc0                __sfmoreglue
 .text.__sfp_lock_acquire
                0x0000000008004cec        0xc /usr/share/gcc-arm-none-eabi-10.3-2021.10/bin/../lib/gcc/arm-none-eabi/10.3.1/../../../../arm-none-eabi/lib/thumb/v7e-m+fp/hard/libc_nano.a(lib_a-findfp.o)
                0x0000000008004cec                __sfp_lock_acquire
 .text.__sfp_lock_release
                0x0000000008004cf8        0xc /usr/share/gcc-arm-none-eabi-10.3-2021.10/bin/../lib/gcc/arm-none-eabi/10.3.1/../../../../arm-none-eabi/lib/thumb/v7e-m+fp/hard/libc_nano.a(lib_a-findfp.o)
                0x0000000008004cf8                __sfp_lock_release
 .text.__sinit_lock_acquire
                0x0000000008004d04        0xc /usr/share/gcc-arm-none-eabi-10.3-2021.10/bin/../lib/gcc/arm-none-eabi/10.3.1/../../../../arm-none-eabi/lib/thumb/v7e-m+fp/hard/libc_nano.a(lib_a-findfp.o)
                0x0000000008004d04                __sinit_lock_acquire
 .text.__sinit_lock_release
                0x0000000008004d10        0xc /usr/share/gcc-arm-none-eabi-10.3-2021.10/bin/../lib/gcc/arm-none-eabi/10.3.1/../../../../arm-none-eabi/lib/thumb/v7e-m+fp/hard/libc_nano.a(lib_a-findfp.o)
                0x0000000008004d10                __sinit_lock_release
 .text.__sinit  0x0000000008004d1c       0x70 /usr/share/gcc-arm-none-eabi-10.3-2021.10/bin/../lib/gcc/arm-none-eabi/10.3.1/../../../../arm-none-eabi/lib/thumb/v7e-m+fp/hard/libc_nano.a(lib_a-findfp.o)
                0x0000000008004d1c                __sinit
 .text.__sfp    0x0000000008004d8c       0x8c /usr/share/gcc-arm-none-eabi-10.3-2021.10/bin/../lib/gcc/arm-none-eabi/10.3.1/../../../../arm-none-eabi/lib/thumb/v7e-m+fp/hard/libc_nano.a(lib_a-findfp.o)
                0x0000000008004d8c                __sfp
 .text._fwalk_reent
                0x0000000008004e18       0x3e /usr/share/gcc-arm-none-eabi-10.3-2021.10/bin/../lib/gcc/arm-none-eabi/10.3.1/../../../../arm-none-eabi/lib/thumb/v7e-m+fp/hard/libc_nano.a(lib_a-fwalk.o)
                0x0000000008004e18                _fwalk_reent
 .text.__retarget_lock_init_recursive
                0x0000000008004e56        0x2 /usr/share/gcc-arm-none-eabi-10.3-2021.10/bin/../lib/gcc/arm-none-eabi/10.3.1/../../../../arm-none-eabi/lib/thumb/v7e-m+fp/hard/libc_nano.a(lib_a-lock.o)
                0x0000000008004e56                __retarget_lock_init_recursive
 .text.__retarget_lock_acquire_recursive
                0x0000000008004e58        0x2 /usr/share/gcc-arm-none-eabi-10.3-2021.10/bin/../lib/gcc/arm-none-eabi/10.3.1/../../../../arm-none-eabi/lib/thumb/v7e-m+fp/hard/libc_nano.a(lib_a-lock.o)
                0x0000000008004e58                __retarget_lock_acquire_recursive
 .text.__retarget_lock_release_recursive
                0x0000000008004e5a        0x2 /usr/share/gcc-arm-none-eabi-10.3-2021.10/bin/../lib/gcc/arm-none-eabi/10.3.1/../../../../arm-none-eabi/lib/thumb/v7e-m+fp/hard/libc_nano.a(lib_a-lock.o)
                0x0000000008004e5a                __retarget_lock_release_recursive
 .text.__swhatbuf_r
                0x0000000008004e5c       0x4a /usr/share/gcc-arm-none-eabi-10.3-2021.10/bin/../lib/gcc/arm-none-eabi/10.3.1/../../../../arm-none-eabi/lib/thumb/v7e-m+fp/hard/libc_nano.a(lib_a-makebuf.o)
                0x0000000008004e5c                __swhatbuf_r
 *fill*         0x0000000008004ea6        0x2 
 .text.__smakebuf_r
                0x0000000008004ea8       0x80 /usr/share/gcc-arm-none-eabi-10.3-2021.10/bin/../lib/gcc/arm-none-eabi/10.3.1/../../../../arm-none-eabi/lib/thumb/v7e-m+fp/hard/libc_nano.a(lib_a-makebuf.o)
                0x0000000008004ea8                __smakebuf_r
 .text._free_r  0x0000000008004f28       0x98 /usr/share/gcc-arm-none-eabi-10.3-2021.10/bin/../lib/gcc/arm-none-eabi/10.3.1/../../../../arm-none-eabi/lib/thumb/v7e-m+fp/hard/libc_nano.a(lib_a-nano-freer.o)
                0x0000000008004f28                _free_r
 .text.sbrk_aligned
                0x0000000008004fc0       0x40 /usr/share/gcc-arm-none-eabi-10.3-2021.10/bin/../lib/gcc/arm-none-eabi/10.3.1/../../../../arm-none-eabi/lib/thumb/v7e-m+fp/hard/libc_nano.a(lib_a-nano-mallocr.o)
 .text._malloc_r
                0x0000000008005000       0xe8 /usr/share/gcc-arm-none-eabi-10.3-2021.10/bin/../lib/gcc/arm-none-eabi/10.3.1/../../../../arm-none-eabi/lib/thumb/v7e-m+fp/hard/libc_nano.a(lib_a-nano-mallocr.o)
                0x0000000008005000                _malloc_r
 .text._sbrk_r  0x00000000080050e8       0x20 /usr/share/gcc-arm-none-eabi-10.3-2021.10/bin/../lib/gcc/arm-none-eabi/10.3.1/../../../../arm-none-eabi/lib/thumb/v7e-m+fp/hard/libc_nano.a(lib_a-sbrkr.o)
                0x00000000080050e8                _sbrk_r
 .text._raise_r
                0x0000000008005108       0x50 /usr/share/gcc-arm-none-eabi-10.3-2021.10/bin/../lib/gcc/arm-none-eabi/10.3.1/../../../../arm-none-eabi/lib/thumb/v7e-m+fp/hard/libc_nano.a(lib_a-signal.o)
                0x0000000008005108                _raise_r
 .text.raise    0x0000000008005158       0x10 /usr/share/gcc-arm-none-eabi-10.3-2021.10/bin/../lib/gcc/arm-none-eabi/10.3.1/../../../../arm-none-eabi/lib/thumb/v7e-m+fp/hard/libc_nano.a(lib_a-signal.o)
                0x0000000008005158                raise
 .text._kill_r  0x0000000008005168       0x24 /usr/share/gcc-arm-none-eabi-10.3-2021.10/bin/../lib/gcc/arm-none-eabi/10.3.1/../../../../arm-none-eabi/lib/thumb/v7e-m+fp/hard/libc_nano.a(lib_a-signalr.o)
                0x0000000008005168                _kill_r
 .text._getpid_r
                0x000000000800518c        0x4 /usr/share/gcc-arm-none-eabi-10.3-2021.10/bin/../lib/gcc/arm-none-eabi/10.3.1/../../../../arm-none-eabi/lib/thumb/v7e-m+fp/hard/libc_nano.a(lib_a-signalr.o)
                0x000000000800518c                _getpid_r
 .text.__sread  0x0000000008005190       0x22 /usr/share/gcc-arm-none-eabi-10.3-2021.10/bin/../lib/gcc/arm-none-eabi/10.3.1/../../../../arm-none-eabi/lib/thumb/v7e-m+fp/hard/libc_nano.a(lib_a-stdio.o)
                0x0000000008005190                __sread
 .text.__swrite
                0x00000000080051b2       0x38 /usr/share/gcc-arm-none-eabi-10.3-2021.10/bin/../lib/gcc/arm-none-eabi/10.3.1/../../../../arm-none-eabi/lib/thumb/v7e-m+fp/hard/libc_nano.a(lib_a-stdio.o)
                0x00000000080051b2                __swrite
 .text.__sseek  0x00000000080051ea       0x24 /usr/share/gcc-arm-none-eabi-10.3-2021.10/bin/../lib/gcc/arm-none-eabi/10.3.1/../../../../arm-none-eabi/lib/thumb/v7e-m+fp/hard/libc_nano.a(lib_a-stdio.o)
                0x00000000080051ea                __sseek
 .text.__sclose
                0x000000000800520e        0x8 /usr/share/gcc-arm-none-eabi-10.3-2021.10/bin/../lib/gcc/arm-none-eabi/10.3.1/../../../../arm-none-eabi/lib/thumb/v7e-m+fp/hard/libc_nano.a(lib_a-stdio.o)
                0x000000000800520e                __sclose
 *fill*         0x0000000008005216        0x2 
 .text._write_r
                0x0000000008005218       0x24 /usr/share/gcc-arm-none-eabi-10.3-2021.10/bin/../lib/gcc/arm-none-eabi/10.3.1/../../../../arm-none-eabi/lib/thumb/v7e-m+fp/hard/libc_nano.a(lib_a-writer.o)
                0x0000000008005218                _write_r
 .text._close_r
                0x000000000800523c       0x20 /usr/share/gcc-arm-none-eabi-10.3-2021.10/bin/../lib/gcc/arm-none-eabi/10.3.1/../../../../arm-none-eabi/lib/thumb/v7e-m+fp/hard/libc_nano.a(lib_a-closer.o)
                0x000000000800523c                _close_r
 .text._fstat_r
                0x000000000800525c       0x24 /usr/share/gcc-arm-none-eabi-10.3-2021.10/bin/../lib/gcc/arm-none-eabi/10.3.1/../../../../arm-none-eabi/lib/thumb/v7e-m+fp/hard/libc_nano.a(lib_a-fstatr.o)
                0x000000000800525c                _fstat_r
 .text._isatty_r
                0x0000000008005280       0x20 /usr/share/gcc-arm-none-eabi-10.3-2021.10/bin/../lib/gcc/arm-none-eabi/10.3.1/../../../../arm-none-eabi/lib/thumb/v7e-m+fp/hard/libc_nano.a(lib_a-isattyr.o)
                0x0000000008005280                _isatty_r
 .text._lseek_r
                0x00000000080052a0       0x24 /usr/share/gcc-arm-none-eabi-10.3-2021.10/bin/../lib/gcc/arm-none-eabi/10.3.1/../../../../arm-none-eabi/lib/thumb/v7e-m+fp/hard/libc_nano.a(lib_a-lseekr.o)
                0x00000000080052a0                _lseek_r
 .text.__malloc_lock
                0x00000000080052c4        0xc /usr/share/gcc-arm-none-eabi-10.3-2021.10/bin/../lib/gcc/arm-none-eabi/10.3.1/../../../../arm-none-eabi/lib/thumb/v7e-m+fp/hard/libc_nano.a(lib_a-mlock.o)
                0x00000000080052c4                __malloc_lock
 .text.__malloc_unlock
                0x00000000080052d0        0xc /usr/share/gcc-arm-none-eabi-10.3-2021.10/bin/../lib/gcc/arm-none-eabi/10.3.1/../../../../arm-none-eabi/lib/thumb/v7e-m+fp/hard/libc_nano.a(lib_a-mlock.o)
                0x00000000080052d0                __malloc_unlock
 .text._read_r  0x00000000080052dc       0x24 /usr/share/gcc-arm-none-eabi-10.3-2021.10/bin/../lib/gcc/arm-none-eabi/10.3.1/../../../../arm-none-eabi/lib/thumb/v7e-m+fp/hard/libc_nano.a(lib_a-readr.o)
                0x00000000080052dc                _read_r
 .text._close   0x0000000008005300       0x10 /usr/share/gcc-arm-none-eabi-10.3-2021.10/bin/../lib/gcc/arm-none-eabi/10.3.1/../../../../arm-none-eabi/lib/thumb/v7e-m+fp/hard/libnosys.a(close.o)
                0x0000000008005300                _close
 .text._fstat   0x0000000008005310       0x10 /usr/share/gcc-arm-none-eabi-10.3-2021.10/bin/../lib/gcc/arm-none-eabi/10.3.1/../../../../arm-none-eabi/lib/thumb/v7e-m+fp/hard/libnosys.a(fstat.o)
                0x0000000008005310                _fstat
 .text._getpid  0x0000000008005320       0x10 /usr/share/gcc-arm-none-eabi-10.3-2021.10/bin/../lib/gcc/arm-none-eabi/10.3.1/../../../../arm-none-eabi/lib/thumb/v7e-m+fp/hard/libnosys.a(getpid.o)
                0x0000000008005320                _getpid
 .text._isatty  0x0000000008005330       0x10 /usr/share/gcc-arm-none-eabi-10.3-2021.10/bin/../lib/gcc/arm-none-eabi/10.3.1/../../../../arm-none-eabi/lib/thumb/v7e-m+fp/hard/libnosys.a(isatty.o)
                0x0000000008005330                _isatty
 .text._kill    0x0000000008005340       0x10 /usr/share/gcc-arm-none-eabi-10.3-2021.10/bin/../lib/gcc/arm-none-eabi/10.3.1/../../../../arm-none-eabi/lib/thumb/v7e-m+fp/hard/libnosys.a(kill.o)
                0x0000000008005340                _kill
 .text._lseek   0x0000000008005350       0x10 /usr/share/gcc-arm-none-eabi-10.3-2021.10/bin/../lib/gcc/arm-none-eabi/10.3.1/../../../../arm-none-eabi/lib/thumb/v7e-m+fp/hard/libnosys.a(lseek.o)
                0x0000000008005350                _lseek
 .text._read    0x0000000008005360       0x10 /usr/share/gcc-arm-none-eabi-10.3-2021.10/bin/../lib/gcc/arm-none-eabi/10.3.1/../../../../arm-none-eabi/lib/thumb/v7e-m+fp/hard/libnosys.a(read.o)
                0x0000000008005360                _read
 .text._sbrk    0x0000000008005370       0x1c /usr/share/gcc-arm-none-eabi-10.3-2021.10/bin/../lib/gcc/arm-none-eabi/10.3.1/../../../../arm-none-eabi/lib/thumb/v7e-m+fp/hard/libnosys.a(sbrk.o)
                0x0000000008005370                _sbrk
 .text._write   0x000000000800538c       0x10 /usr/share/gcc-arm-none-eabi-10.3-2021.10/bin/../lib/gcc/arm-none-eabi/10.3.1/../../../../arm-none-eabi/lib/thumb/v7e-m+fp/hard/libnosys.a(write.o)
                0x000000000800538c                _write
 .text._exit    0x000000000800539c        0x4 /usr/share/gcc-arm-none-eabi-10.3-2021.10/bin/../lib/gcc/arm-none-eabi/10.3.1/../../../../arm-none-eabi/lib/thumb/v7e-m+fp/hard/libnosys.a(_exit.o)
                0x000000000800539c                _exit
 *(.glue_7)
 .glue_7        0x00000000080053a0        0x0 linker stubs
 *(.glue_7t)
 .glue_7t       0x00000000080053a0        0x0 linker stubs
 *(.eh_frame)
 .eh_frame      0x00000000080053a0        0x0 /usr/share/gcc-arm-none-eabi-10.3-2021.10/bin/../lib/gcc/arm-none-eabi/10.3.1/thumb/v7e-m+fp/hard/crtbegin.o
 *(.init)
 .init          0x00000000080053a0        0x4 /usr/share/gcc-arm-none-eabi-10.3-2021.10/bin/../lib/gcc/arm-none-eabi/10.3.1/thumb/v7e-m+fp/hard/crti.o
                0x00000000080053a0                _init
 .init          0x00000000080053a4        0x8 /usr/share/gcc-arm-none-eabi-10.3-2021.10/bin/../lib/gcc/arm-none-eabi/10.3.1/thumb/v7e-m+fp/hard/crtn.o
 *(.fini)
 .fini          0x00000000080053ac        0x4 /usr/share/gcc-arm-none-eabi-10.3-2021.10/bin/../lib/gcc/arm-none-eabi/10.3.1/thumb/v7e-m+fp/hard/crti.o
                0x00000000080053ac                _fini
 .fini          0x00000000080053b0        0x8 /usr/share/gcc-arm-none-eabi-10.3-2021.10/bin/../lib/gcc/arm-none-eabi/10.3.1/thumb/v7e-m+fp/hard/crtn.o
                0x00000000080053b8                . = ALIGN (0x4)
                0x00000000080053b8                _etext = .

.vfp11_veneer   0x00000000080053b8        0x0
 .vfp11_veneer  0x00000000080053b8        0x0 linker stubs

.v4_bx          0x00000000080053b8        0x0
 .v4_bx         0x00000000080053b8        0x0 linker stubs

.iplt           0x00000000080053b8        0x0
 .iplt          0x00000000080053b8        0x0 /usr/share/gcc-arm-none-eabi-10.3-2021.10/bin/../lib/gcc/arm-none-eabi/10.3.1/thumb/v7e-m+fp/hard/crtbegin.o

.rodata         0x00000000080053b8     0x1880
                0x00000000080053b8                . = ALIGN (0x4)
 *(.rodata)
 *(.rodata*)
 .rodata.str1.4
                0x00000000080053b8        0x8 build/ecatapp.o
 .rodata.str1.4
                0x00000000080053c0       0x11 build/objectlist.o
 *fill*         0x00000000080053d1        0x3 
 .rodata.SDO1000
                0x00000000080053d4       0x14 build/objectlist.o
                0x00000000080053d4                SDO1000
 .rodata.SDO1001
                0x00000000080053e8       0x14 build/objectlist.o
                0x00000000080053e8                SDO1001
 .rodata.SDO1008
                0x00000000080053fc       0x14 build/objectlist.o
                0x00000000080053fc                SDO1008
 .rodata.SDO1009
                0x0000000008005410       0x14 build/objectlist.o
                0x0000000008005410                SDO1009
 .rodata.SDO100A
                0x0000000008005424       0x14 build/objectlist.o
                0x0000000008005424                SDO100A
 .rodata.SDO1018
                0x0000000008005438       0x64 build/objectlist.o
                0x0000000008005438                SDO1018
 .rodata.SDO10F1
                0x000000000800549c       0x3c build/objectlist.o
                0x000000000800549c                SDO10F1
 .rodata.SDO1600
                0x00000000080054d8       0x78 build/objectlist.o
                0x00000000080054d8                SDO1600
 .rodata.SDO1601
                0x0000000008005550       0xb4 build/objectlist.o
                0x0000000008005550                SDO1601
 .rodata.SDO1602
                0x0000000008005604       0x78 build/objectlist.o
                0x0000000008005604                SDO1602
 .rodata.SDO1603
                0x000000000800567c       0xb4 build/objectlist.o
                0x000000000800567c                SDO1603
 .rodata.SDO1604
                0x0000000008005730       0x50 build/objectlist.o
                0x0000000008005730                SDO1604
 .rodata.SDO1A00
                0x0000000008005780       0x78 build/objectlist.o
                0x0000000008005780                SDO1A00
 .rodata.SDO1A01
                0x00000000080057f8       0xb4 build/objectlist.o
                0x00000000080057f8                SDO1A01
 .rodata.SDO1A02
                0x00000000080058ac       0x78 build/objectlist.o
                0x00000000080058ac                SDO1A02
 .rodata.SDO1A03
                0x0000000008005924       0xb4 build/objectlist.o
                0x0000000008005924                SDO1A03
 .rodata.SDO1C00
                0x00000000080059d8       0x64 build/objectlist.o
                0x00000000080059d8                SDO1C00
 .rodata.SDO1C12
                0x0000000008005a3c       0x78 build/objectlist.o
                0x0000000008005a3c                SDO1C12
 .rodata.SDO1C13
                0x0000000008005ab4       0x64 build/objectlist.o
                0x0000000008005ab4                SDO1C13
 .rodata.SDO1C32
                0x0000000008005b18       0x78 build/objectlist.o
                0x0000000008005b18                SDO1C32
 .rodata.SDO1C33
                0x0000000008005b90       0x78 build/objectlist.o
                0x0000000008005b90                SDO1C33
 .rodata.SDO6000
                0x0000000008005c08       0x78 build/objectlist.o
                0x0000000008005c08                SDO6000
 .rodata.SDO6001
                0x0000000008005c80       0xb4 build/objectlist.o
                0x0000000008005c80                SDO6001
 .rodata.SDO6002
                0x0000000008005d34       0x78 build/objectlist.o
                0x0000000008005d34                SDO6002
 .rodata.SDO6003
                0x0000000008005dac       0xb4 build/objectlist.o
                0x0000000008005dac                SDO6003
 .rodata.SDO6060
                0x0000000008005e60       0x14 build/objectlist.o
                0x0000000008005e60                SDO6060
 .rodata.SDO6061
                0x0000000008005e74       0x14 build/objectlist.o
                0x0000000008005e74                SDO6061
 .rodata.SDO6502
                0x0000000008005e88       0x14 build/objectlist.o
                0x0000000008005e88                SDO6502
 .rodata.SDO7000
                0x0000000008005e9c       0x78 build/objectlist.o
                0x0000000008005e9c                SDO7000
 .rodata.SDO7001
                0x0000000008005f14       0xb4 build/objectlist.o
                0x0000000008005f14                SDO7001
 .rodata.SDO7002
                0x0000000008005fc8       0x78 build/objectlist.o
                0x0000000008005fc8                SDO7002
 .rodata.SDO7003
                0x0000000008006040       0xb4 build/objectlist.o
                0x0000000008006040                SDO7003
 .rodata.SDO7004
                0x00000000080060f4       0x50 build/objectlist.o
                0x00000000080060f4                SDO7004
 .rodata.SDOobjects
                0x0000000008006144      0x220 build/objectlist.o
                0x0000000008006144                SDOobjects
 .rodata.acName1000
                0x0000000008006364        0xc build/objectlist.o
 .rodata.acName1001
                0x0000000008006370        0xf build/objectlist.o
 *fill*         0x000000000800637f        0x1 
 .rodata.acName1008
                0x0000000008006380        0xc build/objectlist.o
 .rodata.acName1009
                0x000000000800638c       0x11 build/objectlist.o
 *fill*         0x000000000800639d        0x3 
 .rodata.acName100A
                0x00000000080063a0       0x11 build/objectlist.o
 *fill*         0x00000000080063b1        0x3 
 .rodata.acName1018
                0x00000000080063b4       0x10 build/objectlist.o
 .rodata.acName1018_00
                0x00000000080063c4        0xd build/objectlist.o
 *fill*         0x00000000080063d1        0x3 
 .rodata.acName1018_01
                0x00000000080063d4        0xa build/objectlist.o
 *fill*         0x00000000080063de        0x2 
 .rodata.acName1018_02
                0x00000000080063e0        0xd build/objectlist.o
 *fill*         0x00000000080063ed        0x3 
 .rodata.acName1018_03
                0x00000000080063f0       0x10 build/objectlist.o
 .rodata.acName1018_04
                0x0000000008006400        0xe build/objectlist.o
 *fill*         0x000000000800640e        0x2 
 .rodata.acName10F1
                0x0000000008006410        0xf build/objectlist.o
 *fill*         0x000000000800641f        0x1 
 .rodata.acName10F1_00
                0x0000000008006420        0xd build/objectlist.o
 *fill*         0x000000000800642d        0x3 
 .rodata.acName10F1_01
                0x0000000008006430       0x15 build/objectlist.o
 *fill*         0x0000000008006445        0x3 
 .rodata.acName10F1_02
                0x0000000008006448       0x16 build/objectlist.o
 *fill*         0x000000000800645e        0x2 
 .rodata.acName1600
                0x0000000008006460        0x8 build/objectlist.o
 .rodata.acName1600_00
                0x0000000008006468        0xd build/objectlist.o
 *fill*         0x0000000008006475        0x3 
 .rodata.acName1600_01
                0x0000000008006478        0x6 build/objectlist.o
 *fill*         0x000000000800647e        0x2 
 .rodata.acName1600_02
                0x0000000008006480        0x6 build/objectlist.o
 *fill*         0x0000000008006486        0x2 
 .rodata.acName1600_03
                0x0000000008006488        0x4 build/objectlist.o
 .rodata.acName1600_04
                0x000000000800648c        0x4 build/objectlist.o
 .rodata.acName1600_05
                0x0000000008006490        0x4 build/objectlist.o
 .rodata.acName1601
                0x0000000008006494        0xd build/objectlist.o
 *fill*         0x00000000080064a1        0x3 
 .rodata.acName1601_00
                0x00000000080064a4        0xd build/objectlist.o
 *fill*         0x00000000080064b1        0x3 
 .rodata.acName1601_01
                0x00000000080064b4        0x3 build/objectlist.o
 *fill*         0x00000000080064b7        0x1 
 .rodata.acName1601_02
                0x00000000080064b8        0x3 build/objectlist.o
 *fill*         0x00000000080064bb        0x1 
 .rodata.acName1601_03
                0x00000000080064bc        0x3 build/objectlist.o
 *fill*         0x00000000080064bf        0x1 
 .rodata.acName1601_04
                0x00000000080064c0        0x3 build/objectlist.o
 *fill*         0x00000000080064c3        0x1 
 .rodata.acName1601_05
                0x00000000080064c4        0x3 build/objectlist.o
 *fill*         0x00000000080064c7        0x1 
 .rodata.acName1601_06
                0x00000000080064c8        0x3 build/objectlist.o
 *fill*         0x00000000080064cb        0x1 
 .rodata.acName1601_07
                0x00000000080064cc        0x3 build/objectlist.o
 *fill*         0x00000000080064cf        0x1 
 .rodata.acName1601_08
                0x00000000080064d0        0x3 build/objectlist.o
 *fill*         0x00000000080064d3        0x1 
 .rodata.acName1602
                0x00000000080064d4        0x8 build/objectlist.o
 .rodata.acName1602_00
                0x00000000080064dc        0xd build/objectlist.o
 *fill*         0x00000000080064e9        0x3 
 .rodata.acName1602_01
                0x00000000080064ec        0x6 build/objectlist.o
 *fill*         0x00000000080064f2        0x2 
 .rodata.acName1602_02
                0x00000000080064f4        0x6 build/objectlist.o
 *fill*         0x00000000080064fa        0x2 
 .rodata.acName1602_03
                0x00000000080064fc        0x4 build/objectlist.o
 .rodata.acName1602_04
                0x0000000008006500        0x4 build/objectlist.o
 .rodata.acName1602_05
                0x0000000008006504        0x4 build/objectlist.o
 .rodata.acName1603
                0x0000000008006508        0xd build/objectlist.o
 *fill*         0x0000000008006515        0x3 
 .rodata.acName1603_00
                0x0000000008006518        0xd build/objectlist.o
 *fill*         0x0000000008006525        0x3 
 .rodata.acName1603_01
                0x0000000008006528        0x3 build/objectlist.o
 *fill*         0x000000000800652b        0x1 
 .rodata.acName1603_02
                0x000000000800652c        0x3 build/objectlist.o
 *fill*         0x000000000800652f        0x1 
 .rodata.acName1603_03
                0x0000000008006530        0x3 build/objectlist.o
 *fill*         0x0000000008006533        0x1 
 .rodata.acName1603_04
                0x0000000008006534        0x3 build/objectlist.o
 *fill*         0x0000000008006537        0x1 
 .rodata.acName1603_05
                0x0000000008006538        0x3 build/objectlist.o
 *fill*         0x000000000800653b        0x1 
 .rodata.acName1603_06
                0x000000000800653c        0x3 build/objectlist.o
 *fill*         0x000000000800653f        0x1 
 .rodata.acName1603_07
                0x0000000008006540        0x3 build/objectlist.o
 *fill*         0x0000000008006543        0x1 
 .rodata.acName1603_08
                0x0000000008006544        0x3 build/objectlist.o
 *fill*         0x0000000008006547        0x1 
 .rodata.acName1604
                0x0000000008006548        0x4 build/objectlist.o
 .rodata.acName1604_00
                0x000000000800654c        0xd build/objectlist.o
 *fill*         0x0000000008006559        0x3 
 .rodata.acName1604_01
                0x000000000800655c        0x3 build/objectlist.o
 *fill*         0x000000000800655f        0x1 
 .rodata.acName1604_02
                0x0000000008006560        0x3 build/objectlist.o
 *fill*         0x0000000008006563        0x1 
 .rodata.acName1604_03
                0x0000000008006564        0x3 build/objectlist.o
 *fill*         0x0000000008006567        0x1 
 .rodata.acName1A00
                0x0000000008006568        0x8 build/objectlist.o
 .rodata.acName1A00_00
                0x0000000008006570        0xd build/objectlist.o
 *fill*         0x000000000800657d        0x3 
 .rodata.acName1A00_01
                0x0000000008006580        0x6 build/objectlist.o
 *fill*         0x0000000008006586        0x2 
 .rodata.acName1A00_02
                0x0000000008006588        0x6 build/objectlist.o
 *fill*         0x000000000800658e        0x2 
 .rodata.acName1A00_03
                0x0000000008006590        0x4 build/objectlist.o
 .rodata.acName1A00_04
                0x0000000008006594        0x4 build/objectlist.o
 .rodata.acName1A00_05
                0x0000000008006598        0x4 build/objectlist.o
 .rodata.acName1A01
                0x000000000800659c        0xd build/objectlist.o
 *fill*         0x00000000080065a9        0x3 
 .rodata.acName1A01_00
                0x00000000080065ac        0xd build/objectlist.o
 *fill*         0x00000000080065b9        0x3 
 .rodata.acName1A01_01
                0x00000000080065bc        0x3 build/objectlist.o
 *fill*         0x00000000080065bf        0x1 
 .rodata.acName1A01_02
                0x00000000080065c0        0x3 build/objectlist.o
 *fill*         0x00000000080065c3        0x1 
 .rodata.acName1A01_03
                0x00000000080065c4        0x3 build/objectlist.o
 *fill*         0x00000000080065c7        0x1 
 .rodata.acName1A01_04
                0x00000000080065c8        0x3 build/objectlist.o
 *fill*         0x00000000080065cb        0x1 
 .rodata.acName1A01_05
                0x00000000080065cc        0x3 build/objectlist.o
 *fill*         0x00000000080065cf        0x1 
 .rodata.acName1A01_06
                0x00000000080065d0        0x3 build/objectlist.o
 *fill*         0x00000000080065d3        0x1 
 .rodata.acName1A01_07
                0x00000000080065d4        0x3 build/objectlist.o
 *fill*         0x00000000080065d7        0x1 
 .rodata.acName1A01_08
                0x00000000080065d8        0x3 build/objectlist.o
 *fill*         0x00000000080065db        0x1 
 .rodata.acName1A02
                0x00000000080065dc        0x8 build/objectlist.o
 .rodata.acName1A02_00
                0x00000000080065e4        0xd build/objectlist.o
 *fill*         0x00000000080065f1        0x3 
 .rodata.acName1A02_01
                0x00000000080065f4        0x6 build/objectlist.o
 *fill*         0x00000000080065fa        0x2 
 .rodata.acName1A02_02
                0x00000000080065fc        0x6 build/objectlist.o
 *fill*         0x0000000008006602        0x2 
 .rodata.acName1A02_03
                0x0000000008006604        0x4 build/objectlist.o
 .rodata.acName1A02_04
                0x0000000008006608        0x4 build/objectlist.o
 .rodata.acName1A02_05
                0x000000000800660c        0x4 build/objectlist.o
 .rodata.acName1A03
                0x0000000008006610        0xd build/objectlist.o
 *fill*         0x000000000800661d        0x3 
 .rodata.acName1A03_00
                0x0000000008006620        0xd build/objectlist.o
 *fill*         0x000000000800662d        0x3 
 .rodata.acName1A03_01
                0x0000000008006630        0x3 build/objectlist.o
 *fill*         0x0000000008006633        0x1 
 .rodata.acName1A03_02
                0x0000000008006634        0x3 build/objectlist.o
 *fill*         0x0000000008006637        0x1 
 .rodata.acName1A03_03
                0x0000000008006638        0x3 build/objectlist.o
 *fill*         0x000000000800663b        0x1 
 .rodata.acName1A03_04
                0x000000000800663c        0x3 build/objectlist.o
 *fill*         0x000000000800663f        0x1 
 .rodata.acName1A03_05
                0x0000000008006640        0x3 build/objectlist.o
 *fill*         0x0000000008006643        0x1 
 .rodata.acName1A03_06
                0x0000000008006644        0x3 build/objectlist.o
 *fill*         0x0000000008006647        0x1 
 .rodata.acName1A03_07
                0x0000000008006648        0x3 build/objectlist.o
 *fill*         0x000000000800664b        0x1 
 .rodata.acName1A03_08
                0x000000000800664c        0x3 build/objectlist.o
 *fill*         0x000000000800664f        0x1 
 .rodata.acName1C00
                0x0000000008006650       0x20 build/objectlist.o
 .rodata.acName1C00_00
                0x0000000008006670        0xd build/objectlist.o
 *fill*         0x000000000800667d        0x3 
 .rodata.acName1C00_01
                0x0000000008006680       0x18 build/objectlist.o
 .rodata.acName1C00_02
                0x0000000008006698       0x18 build/objectlist.o
 .rodata.acName1C00_03
                0x00000000080066b0       0x18 build/objectlist.o
 .rodata.acName1C00_04
                0x00000000080066c8       0x18 build/objectlist.o
 .rodata.acName1C12
                0x00000000080066e0       0x1e build/objectlist.o
 *fill*         0x00000000080066fe        0x2 
 .rodata.acName1C12_00
                0x0000000008006700        0xd build/objectlist.o
 *fill*         0x000000000800670d        0x3 
 .rodata.acName1C12_01
                0x0000000008006710        0xc build/objectlist.o
 .rodata.acName1C12_02
                0x000000000800671c        0xc build/objectlist.o
 .rodata.acName1C12_03
                0x0000000008006728        0xc build/objectlist.o
 .rodata.acName1C12_04
                0x0000000008006734        0xc build/objectlist.o
 .rodata.acName1C12_05
                0x0000000008006740        0xc build/objectlist.o
 .rodata.acName1C13
                0x000000000800674c       0x1e build/objectlist.o
 *fill*         0x000000000800676a        0x2 
 .rodata.acName1C13_00
                0x000000000800676c        0xd build/objectlist.o
 *fill*         0x0000000008006779        0x3 
 .rodata.acName1C13_01
                0x000000000800677c        0xc build/objectlist.o
 .rodata.acName1C13_02
                0x0000000008006788        0xc build/objectlist.o
 .rodata.acName1C13_03
                0x0000000008006794        0xc build/objectlist.o
 .rodata.acName1C13_04
                0x00000000080067a0        0xc build/objectlist.o
 .rodata.acName1C32
                0x00000000080067ac       0x1a build/objectlist.o
 *fill*         0x00000000080067c6        0x2 
 .rodata.acName1C32_00
                0x00000000080067c8        0xd build/objectlist.o
 *fill*         0x00000000080067d5        0x3 
 .rodata.acName1C32_01
                0x00000000080067d8        0xa build/objectlist.o
 *fill*         0x00000000080067e2        0x2 
 .rodata.acName1C32_02
                0x00000000080067e4        0xa build/objectlist.o
 *fill*         0x00000000080067ee        0x2 
 .rodata.acName1C32_03
                0x00000000080067f0        0xa build/objectlist.o
 *fill*         0x00000000080067fa        0x2 
 .rodata.acName1C32_04
                0x00000000080067fc       0x15 build/objectlist.o
 *fill*         0x0000000008006811        0x3 
 .rodata.acName1C32_05
                0x0000000008006814       0x13 build/objectlist.o
 *fill*         0x0000000008006827        0x1 
 .rodata.acName1C33
                0x0000000008006828       0x1a build/objectlist.o
 *fill*         0x0000000008006842        0x2 
 .rodata.acName1C33_00
                0x0000000008006844        0xd build/objectlist.o
 *fill*         0x0000000008006851        0x3 
 .rodata.acName1C33_01
                0x0000000008006854        0xa build/objectlist.o
 *fill*         0x000000000800685e        0x2 
 .rodata.acName1C33_02
                0x0000000008006860        0xa build/objectlist.o
 *fill*         0x000000000800686a        0x2 
 .rodata.acName1C33_03
                0x000000000800686c        0xa build/objectlist.o
 *fill*         0x0000000008006876        0x2 
 .rodata.acName1C33_04
                0x0000000008006878       0x15 build/objectlist.o
 *fill*         0x000000000800688d        0x3 
 .rodata.acName1C33_05
                0x0000000008006890       0x13 build/objectlist.o
 *fill*         0x00000000080068a3        0x1 
 .rodata.acName6000
                0x00000000080068a4        0x8 build/objectlist.o
 .rodata.acName6000_00
                0x00000000080068ac        0xd build/objectlist.o
 *fill*         0x00000000080068b9        0x3 
 .rodata.acName6000_01
                0x00000000080068bc        0x6 build/objectlist.o
 *fill*         0x00000000080068c2        0x2 
 .rodata.acName6000_02
                0x00000000080068c4        0x6 build/objectlist.o
 *fill*         0x00000000080068ca        0x2 
 .rodata.acName6000_03
                0x00000000080068cc        0x4 build/objectlist.o
 .rodata.acName6000_04
                0x00000000080068d0        0x4 build/objectlist.o
 .rodata.acName6000_05
                0x00000000080068d4        0x4 build/objectlist.o
 .rodata.acName6001
                0x00000000080068d8        0xd build/objectlist.o
 *fill*         0x00000000080068e5        0x3 
 .rodata.acName6001_00
                0x00000000080068e8        0xd build/objectlist.o
 *fill*         0x00000000080068f5        0x3 
 .rodata.acName6001_01
                0x00000000080068f8        0x3 build/objectlist.o
 *fill*         0x00000000080068fb        0x1 
 .rodata.acName6001_02
                0x00000000080068fc        0x3 build/objectlist.o
 *fill*         0x00000000080068ff        0x1 
 .rodata.acName6001_03
                0x0000000008006900        0x3 build/objectlist.o
 *fill*         0x0000000008006903        0x1 
 .rodata.acName6001_04
                0x0000000008006904        0x3 build/objectlist.o
 *fill*         0x0000000008006907        0x1 
 .rodata.acName6001_05
                0x0000000008006908        0x3 build/objectlist.o
 *fill*         0x000000000800690b        0x1 
 .rodata.acName6001_06
                0x000000000800690c        0x3 build/objectlist.o
 *fill*         0x000000000800690f        0x1 
 .rodata.acName6001_07
                0x0000000008006910        0x3 build/objectlist.o
 *fill*         0x0000000008006913        0x1 
 .rodata.acName6001_08
                0x0000000008006914        0x3 build/objectlist.o
 *fill*         0x0000000008006917        0x1 
 .rodata.acName6002
                0x0000000008006918        0x8 build/objectlist.o
 .rodata.acName6002_00
                0x0000000008006920        0xd build/objectlist.o
 *fill*         0x000000000800692d        0x3 
 .rodata.acName6002_01
                0x0000000008006930        0x6 build/objectlist.o
 *fill*         0x0000000008006936        0x2 
 .rodata.acName6002_02
                0x0000000008006938        0x6 build/objectlist.o
 *fill*         0x000000000800693e        0x2 
 .rodata.acName6002_03
                0x0000000008006940        0x4 build/objectlist.o
 .rodata.acName6002_04
                0x0000000008006944        0x4 build/objectlist.o
 .rodata.acName6002_05
                0x0000000008006948        0x4 build/objectlist.o
 .rodata.acName6003
                0x000000000800694c        0xd build/objectlist.o
 *fill*         0x0000000008006959        0x3 
 .rodata.acName6003_00
                0x000000000800695c        0xd build/objectlist.o
 *fill*         0x0000000008006969        0x3 
 .rodata.acName6003_01
                0x000000000800696c        0x3 build/objectlist.o
 *fill*         0x000000000800696f        0x1 
 .rodata.acName6003_02
                0x0000000008006970        0x3 build/objectlist.o
 *fill*         0x0000000008006973        0x1 
 .rodata.acName6003_03
                0x0000000008006974        0x3 build/objectlist.o
 *fill*         0x0000000008006977        0x1 
 .rodata.acName6003_04
                0x0000000008006978        0x3 build/objectlist.o
 *fill*         0x000000000800697b        0x1 
 .rodata.acName6003_05
                0x000000000800697c        0x3 build/objectlist.o
 *fill*         0x000000000800697f        0x1 
 .rodata.acName6003_06
                0x0000000008006980        0x3 build/objectlist.o
 *fill*         0x0000000008006983        0x1 
 .rodata.acName6003_07
                0x0000000008006984        0x3 build/objectlist.o
 *fill*         0x0000000008006987        0x1 
 .rodata.acName6003_08
                0x0000000008006988        0x3 build/objectlist.o
 *fill*         0x000000000800698b        0x1 
 .rodata.acName6060
                0x000000000800698c       0x13 build/objectlist.o
 *fill*         0x000000000800699f        0x1 
 .rodata.acName6061
                0x00000000080069a0       0x1a build/objectlist.o
 *fill*         0x00000000080069ba        0x2 
 .rodata.acName6502
                0x00000000080069bc       0x16 build/objectlist.o
 *fill*         0x00000000080069d2        0x2 
 .rodata.acName7000
                0x00000000080069d4        0x8 build/objectlist.o
 .rodata.acName7000_00
                0x00000000080069dc        0xd build/objectlist.o
 *fill*         0x00000000080069e9        0x3 
 .rodata.acName7000_01
                0x00000000080069ec        0x6 build/objectlist.o
 *fill*         0x00000000080069f2        0x2 
 .rodata.acName7000_02
                0x00000000080069f4        0x6 build/objectlist.o
 *fill*         0x00000000080069fa        0x2 
 .rodata.acName7000_03
                0x00000000080069fc        0x4 build/objectlist.o
 .rodata.acName7000_04
                0x0000000008006a00        0x4 build/objectlist.o
 .rodata.acName7000_05
                0x0000000008006a04        0x4 build/objectlist.o
 .rodata.acName7001
                0x0000000008006a08        0xd build/objectlist.o
 *fill*         0x0000000008006a15        0x3 
 .rodata.acName7001_00
                0x0000000008006a18        0xd build/objectlist.o
 *fill*         0x0000000008006a25        0x3 
 .rodata.acName7001_01
                0x0000000008006a28        0x3 build/objectlist.o
 *fill*         0x0000000008006a2b        0x1 
 .rodata.acName7001_02
                0x0000000008006a2c        0x3 build/objectlist.o
 *fill*         0x0000000008006a2f        0x1 
 .rodata.acName7001_03
                0x0000000008006a30        0x3 build/objectlist.o
 *fill*         0x0000000008006a33        0x1 
 .rodata.acName7001_04
                0x0000000008006a34        0x3 build/objectlist.o
 *fill*         0x0000000008006a37        0x1 
 .rodata.acName7001_05
                0x0000000008006a38        0x3 build/objectlist.o
 *fill*         0x0000000008006a3b        0x1 
 .rodata.acName7001_06
                0x0000000008006a3c        0x3 build/objectlist.o
 *fill*         0x0000000008006a3f        0x1 
 .rodata.acName7001_07
                0x0000000008006a40        0x3 build/objectlist.o
 *fill*         0x0000000008006a43        0x1 
 .rodata.acName7001_08
                0x0000000008006a44        0x3 build/objectlist.o
 *fill*         0x0000000008006a47        0x1 
 .rodata.acName7002
                0x0000000008006a48        0x8 build/objectlist.o
 .rodata.acName7002_00
                0x0000000008006a50        0xd build/objectlist.o
 *fill*         0x0000000008006a5d        0x3 
 .rodata.acName7002_01
                0x0000000008006a60        0x6 build/objectlist.o
 *fill*         0x0000000008006a66        0x2 
 .rodata.acName7002_02
                0x0000000008006a68        0x6 build/objectlist.o
 *fill*         0x0000000008006a6e        0x2 
 .rodata.acName7002_03
                0x0000000008006a70        0x4 build/objectlist.o
 .rodata.acName7002_04
                0x0000000008006a74        0x4 build/objectlist.o
 .rodata.acName7002_05
                0x0000000008006a78        0x4 build/objectlist.o
 .rodata.acName7003
                0x0000000008006a7c        0xd build/objectlist.o
 *fill*         0x0000000008006a89        0x3 
 .rodata.acName7003_00
                0x0000000008006a8c        0xd build/objectlist.o
 *fill*         0x0000000008006a99        0x3 
 .rodata.acName7003_01
                0x0000000008006a9c        0x3 build/objectlist.o
 *fill*         0x0000000008006a9f        0x1 
 .rodata.acName7003_02
                0x0000000008006aa0        0x3 build/objectlist.o
 *fill*         0x0000000008006aa3        0x1 
 .rodata.acName7003_03
                0x0000000008006aa4        0x3 build/objectlist.o
 *fill*         0x0000000008006aa7        0x1 
 .rodata.acName7003_04
                0x0000000008006aa8        0x3 build/objectlist.o
 *fill*         0x0000000008006aab        0x1 
 .rodata.acName7003_05
                0x0000000008006aac        0x3 build/objectlist.o
 *fill*         0x0000000008006aaf        0x1 
 .rodata.acName7003_06
                0x0000000008006ab0        0x3 build/objectlist.o
 *fill*         0x0000000008006ab3        0x1 
 .rodata.acName7003_07
                0x0000000008006ab4        0x3 build/objectlist.o
 *fill*         0x0000000008006ab7        0x1 
 .rodata.acName7003_08
                0x0000000008006ab8        0x3 build/objectlist.o
 *fill*         0x0000000008006abb        0x1 
 .rodata.acName7004
                0x0000000008006abc        0x4 build/objectlist.o
 .rodata.acName7004_00
                0x0000000008006ac0        0xd build/objectlist.o
 *fill*         0x0000000008006acd        0x3 
 .rodata.acName7004_01
                0x0000000008006ad0        0x3 build/objectlist.o
 *fill*         0x0000000008006ad3        0x1 
 .rodata.acName7004_02
                0x0000000008006ad4        0x3 build/objectlist.o
 *fill*         0x0000000008006ad7        0x1 
 .rodata.acName7004_03
                0x0000000008006ad8        0x3 build/objectlist.o
 *fill*         0x0000000008006adb        0x1 
 .rodata.mb0.3  0x0000000008006adc        0x8 build/esc.o
 .rodata.mb1.2  0x0000000008006ae4        0x8 build/esc.o
 .rodata.mbboot0.1
                0x0000000008006aec        0x8 build/esc.o
 .rodata.mbboot1.0
                0x0000000008006af4        0x8 build/esc.o
 .rodata.COE_getValue.str1.4
                0x0000000008006afc       0x1b build/esc_coe.o
 *fill*         0x0000000008006b17        0x1 
 .rodata.COE_pdoPack.str1.4
                0x0000000008006b18       0x20 build/esc_coe.o
 .rodata.__func__.0
                0x0000000008006b38        0xe build/esc_coe.o
 *fill*         0x0000000008006b46        0x2 
 .rodata.__func__.1
                0x0000000008006b48        0xd build/esc_coe.o
 *fill*         0x0000000008006b55        0x3 
 .rodata.__func__.2
                0x0000000008006b58        0xc build/esc_coe.o
 .rodata.__assert_func.str1.1
                0x0000000008006b64       0x3c /usr/share/gcc-arm-none-eabi-10.3-2021.10/bin/../lib/gcc/arm-none-eabi/10.3.1/../../../../arm-none-eabi/lib/thumb/v7e-m+fp/hard/libc_nano.a(lib_a-assert.o)
                                         0x3d (size before relaxing)
 .rodata._global_impure_ptr
                0x0000000008006ba0        0x4 /usr/share/gcc-arm-none-eabi-10.3-2021.10/bin/../lib/gcc/arm-none-eabi/10.3.1/../../../../arm-none-eabi/lib/thumb/v7e-m+fp/hard/libc_nano.a(lib_a-impure.o)
                0x0000000008006ba0                _global_impure_ptr
 .rodata._vfprintf_r.str1.1
                0x0000000008006ba4       0x11 /usr/share/gcc-arm-none-eabi-10.3-2021.10/bin/../lib/gcc/arm-none-eabi/10.3.1/../../../../arm-none-eabi/lib/thumb/v7e-m+fp/hard/libc_nano.a(lib_a-nano-vfprintf.o)
 .rodata._printf_i.str1.1
                0x0000000008006bb5       0x22 /usr/share/gcc-arm-none-eabi-10.3-2021.10/bin/../lib/gcc/arm-none-eabi/10.3.1/../../../../arm-none-eabi/lib/thumb/v7e-m+fp/hard/libc_nano.a(lib_a-nano-vfprintf_i.o)
 *fill*         0x0000000008006bd7        0x1 
 .rodata.__sf_fake_stderr
                0x0000000008006bd8       0x20 /usr/share/gcc-arm-none-eabi-10.3-2021.10/bin/../lib/gcc/arm-none-eabi/10.3.1/../../../../arm-none-eabi/lib/thumb/v7e-m+fp/hard/libc_nano.a(lib_a-findfp.o)
                0x0000000008006bd8                __sf_fake_stderr
 .rodata.__sf_fake_stdin
                0x0000000008006bf8       0x20 /usr/share/gcc-arm-none-eabi-10.3-2021.10/bin/../lib/gcc/arm-none-eabi/10.3.1/../../../../arm-none-eabi/lib/thumb/v7e-m+fp/hard/libc_nano.a(lib_a-findfp.o)
                0x0000000008006bf8                __sf_fake_stdin
 .rodata.__sf_fake_stdout
                0x0000000008006c18       0x20 /usr/share/gcc-arm-none-eabi-10.3-2021.10/bin/../lib/gcc/arm-none-eabi/10.3.1/../../../../arm-none-eabi/lib/thumb/v7e-m+fp/hard/libc_nano.a(lib_a-findfp.o)
                0x0000000008006c18                __sf_fake_stdout
                0x0000000008006c38                . = ALIGN (0x4)

.rel.dyn        0x0000000008006c38        0x0
 .rel.iplt      0x0000000008006c38        0x0 /usr/share/gcc-arm-none-eabi-10.3-2021.10/bin/../lib/gcc/arm-none-eabi/10.3.1/thumb/v7e-m+fp/hard/crtbegin.o

.ARM.extab
 *(.ARM.extab* .gnu.linkonce.armextab.*)

.ARM            0x0000000008006c38        0x0
                0x0000000008006c38                __exidx_start = .
 *(.ARM.exidx*)
                0x0000000008006c38                __exidx_end = .

.preinit_array  0x0000000008006c38        0x0
                0x0000000008006c38                PROVIDE (__preinit_array_start = .)
 *(.preinit_array*)
                0x0000000008006c38                PROVIDE (__preinit_array_end = .)

.init_array     0x0000000008006c38        0x4
                0x0000000008006c38                PROVIDE (__init_array_start = .)
 *(SORT_BY_NAME(.init_array.*))
 *(.init_array*)
 .init_array    0x0000000008006c38        0x4 /usr/share/gcc-arm-none-eabi-10.3-2021.10/bin/../lib/gcc/arm-none-eabi/10.3.1/thumb/v7e-m+fp/hard/crtbegin.o
                0x0000000008006c3c                PROVIDE (__init_array_end = .)

.fini_array     0x0000000008006c3c        0x4
                [!provide]                        PROVIDE (__fini_array_start = .)
 *(SORT_BY_NAME(.fini_array.*))
 *(.fini_array*)
 .fini_array    0x0000000008006c3c        0x4 /usr/share/gcc-arm-none-eabi-10.3-2021.10/bin/../lib/gcc/arm-none-eabi/10.3.1/thumb/v7e-m+fp/hard/crtbegin.o
                [!provide]                        PROVIDE (__fini_array_end = .)
                0x0000000008006c40                _sidata = LOADADDR (.data)

.data           0x0000000020000000       0xcc load address 0x0000000008006c40
                0x0000000020000000                . = ALIGN (0x4)
                0x0000000020000000                _sdata = .
 *(.data)
 *(.data*)
 .data.config   0x0000000020000000       0x50 build/ecatapp.o
 .data.pdo_coe_rxbuf
                0x0000000020000050        0x4 build/pdo_override.o
                0x0000000020000050                pdo_coe_rxbuf
 .data.pdo_coe_txbuf
                0x0000000020000054        0x4 build/pdo_override.o
                0x0000000020000054                pdo_coe_txbuf
 .data.pdo_spi_rxbuf
                0x0000000020000058        0x4 build/pdo_override.o
                0x0000000020000058                pdo_spi_rxbuf
 .data.pdo_spi_txbuf
                0x000000002000005c        0x4 build/pdo_override.o
                0x000000002000005c                pdo_spi_txbuf
 .data.SystemCoreClock
                0x0000000020000060        0x4 build/system_stm32f4xx.o
                0x0000000020000060                SystemCoreClock
 .data.et1100   0x0000000020000064        0x4 build/esc_hw.o
 .data._impure_ptr
                0x0000000020000068        0x4 /usr/share/gcc-arm-none-eabi-10.3-2021.10/bin/../lib/gcc/arm-none-eabi/10.3.1/../../../../arm-none-eabi/lib/thumb/v7e-m+fp/hard/libc_nano.a(lib_a-impure.o)
                0x0000000020000068                _impure_ptr
 .data.impure_data
                0x000000002000006c       0x60 /usr/share/gcc-arm-none-eabi-10.3-2021.10/bin/../lib/gcc/arm-none-eabi/10.3.1/../../../../arm-none-eabi/lib/thumb/v7e-m+fp/hard/libc_nano.a(lib_a-impure.o)
                0x00000000200000cc                . = ALIGN (0x4)
                0x00000000200000cc                _edata = .
                0x0000000008006d0c                _siccmram = LOADADDR (.ccmram)

.igot.plt       0x00000000200000cc        0x0 load address 0x0000000008006d0c
 .igot.plt      0x00000000200000cc        0x0 /usr/share/gcc-arm-none-eabi-10.3-2021.10/bin/../lib/gcc/arm-none-eabi/10.3.1/thumb/v7e-m+fp/hard/crtbegin.o

.ccmram         0x0000000010000000        0x0 load address 0x0000000008006d0c
                0x0000000010000000                . = ALIGN (0x4)
                0x0000000010000000                _sccmram = .
 *(.ccmram)
 *(.ccmram*)
                0x0000000010000000                . = ALIGN (0x4)
                0x0000000010000000                _eccmram = .
                0x0000000010000000                . = ALIGN (0x4)

.bss            0x00000000200000d0     0x1548
                0x00000000200000d0                _sbss = .
                0x00000000200000d0                __bss_start__ = _sbss
 *(.bss)
 .bss           0x00000000200000d0       0x1c /usr/share/gcc-arm-none-eabi-10.3-2021.10/bin/../lib/gcc/arm-none-eabi/10.3.1/thumb/v7e-m+fp/hard/crtbegin.o
 *(.bss*)
 .bss.Obj       0x00000000200000ec       0x80 build/ecatapp.o
                0x00000000200000ec                Obj
 .bss.pdi_irq_flag
                0x000000002000016c        0x1 build/ecatapp.o
 .bss.sync0_irq_flag
                0x000000002000016d        0x1 build/ecatapp.o
 .bss.pdi_dma_transmission
                0x000000002000016e        0x1 build/pdo_override.o
 *fill*         0x000000002000016f        0x1 
 .bss.pdo_rxbuf
                0x0000000020000170       0x2b build/pdo_override.o
                0x0000000020000170                pdo_rxbuf
 *fill*         0x000000002000019b        0x5 
 .bss.pdo_txbuf
                0x00000000200001a0       0x2c build/pdo_override.o
                0x00000000200001a0                pdo_txbuf
 .bss.Can1_RxMessage
                0x00000000200001cc       0x14 build/bsp_can.o
                0x00000000200001cc                Can1_RxMessage
 .bss.Can2_RxMessage
                0x00000000200001e0       0x14 build/bsp_can.o
                0x00000000200001e0                Can2_RxMessage
 .bss.timer_ms  0x00000000200001f4        0x4 build/delay.o
                0x00000000200001f4                timer_ms
 .bss.read_termination
                0x00000000200001f8       0x80 build/esc_hw.o
 .bss.ESCvar    0x0000000020000278      0x6ec build/ecat_slv.o
                0x0000000020000278                ESCvar
 .bss.MBX       0x0000000020000964      0x600 build/ecat_slv.o
                0x0000000020000964                MBX
 .bss.MBXcontrol
                0x0000000020000f64        0x3 build/ecat_slv.o
                0x0000000020000f64                MBXcontrol
 *fill*         0x0000000020000f67        0x1 
 .bss.SMmap2    0x0000000020000f68      0x15c build/ecat_slv.o
                0x0000000020000f68                SMmap2
 .bss.SMmap3    0x00000000200010c4      0x138 build/ecat_slv.o
                0x00000000200010c4                SMmap3
 *fill*         0x00000000200011fc        0x4 
 .bss.rxpdo     0x0000000020001200      0x200 build/ecat_slv.o
 .bss.txpdo     0x0000000020001400      0x200 build/ecat_slv.o
 .bss.watchdog  0x0000000020001600        0x4 build/ecat_slv.o
 .bss.__lock___malloc_recursive_mutex
                0x0000000020001604        0x1 /usr/share/gcc-arm-none-eabi-10.3-2021.10/bin/../lib/gcc/arm-none-eabi/10.3.1/../../../../arm-none-eabi/lib/thumb/v7e-m+fp/hard/libc_nano.a(lib_a-lock.o)
                0x0000000020001604                __lock___malloc_recursive_mutex
 .bss.__lock___sfp_recursive_mutex
                0x0000000020001605        0x1 /usr/share/gcc-arm-none-eabi-10.3-2021.10/bin/../lib/gcc/arm-none-eabi/10.3.1/../../../../arm-none-eabi/lib/thumb/v7e-m+fp/hard/libc_nano.a(lib_a-lock.o)
                0x0000000020001605                __lock___sfp_recursive_mutex
 .bss.__lock___sinit_recursive_mutex
                0x0000000020001606        0x1 /usr/share/gcc-arm-none-eabi-10.3-2021.10/bin/../lib/gcc/arm-none-eabi/10.3.1/../../../../arm-none-eabi/lib/thumb/v7e-m+fp/hard/libc_nano.a(lib_a-lock.o)
                0x0000000020001606                __lock___sinit_recursive_mutex
 *fill*         0x0000000020001607        0x1 
 .bss.__malloc_free_list
                0x0000000020001608        0x4 /usr/share/gcc-arm-none-eabi-10.3-2021.10/bin/../lib/gcc/arm-none-eabi/10.3.1/../../../../arm-none-eabi/lib/thumb/v7e-m+fp/hard/libc_nano.a(lib_a-nano-mallocr.o)
                0x0000000020001608                __malloc_free_list
 .bss.__malloc_sbrk_start
                0x000000002000160c        0x4 /usr/share/gcc-arm-none-eabi-10.3-2021.10/bin/../lib/gcc/arm-none-eabi/10.3.1/../../../../arm-none-eabi/lib/thumb/v7e-m+fp/hard/libc_nano.a(lib_a-nano-mallocr.o)
                0x000000002000160c                __malloc_sbrk_start
 .bss.errno     0x0000000020001610        0x4 /usr/share/gcc-arm-none-eabi-10.3-2021.10/bin/../lib/gcc/arm-none-eabi/10.3.1/../../../../arm-none-eabi/lib/thumb/v7e-m+fp/hard/libc_nano.a(lib_a-reent.o)
                0x0000000020001610                errno
 .bss.heap_end.0
                0x0000000020001614        0x4 /usr/share/gcc-arm-none-eabi-10.3-2021.10/bin/../lib/gcc/arm-none-eabi/10.3.1/../../../../arm-none-eabi/lib/thumb/v7e-m+fp/hard/libnosys.a(sbrk.o)
 *(COMMON)
                0x0000000020001618                . = ALIGN (0x4)
                0x0000000020001618                _ebss = .
                0x0000000020001618                __bss_end__ = _ebss

._user_heap_stack
                0x0000000020001618      0x600
                0x0000000020001618                . = ALIGN (0x8)
                0x0000000020001618                PROVIDE (end = .)
                [!provide]                        PROVIDE (_end = .)
                0x0000000020001818                . = (. + _Min_Heap_Size)
 *fill*         0x0000000020001618      0x200 
                0x0000000020001c18                . = (. + _Min_Stack_Size)
 *fill*         0x0000000020001818      0x400 
                0x0000000020001c18                . = ALIGN (0x8)

/DISCARD/
 libc.a(*)
 libm.a(*)
 libgcc.a(*)

.ARM.attributes
                0x0000000000000000       0x30
 *(.ARM.attributes)
 .ARM.attributes
                0x0000000000000000       0x1e /usr/share/gcc-arm-none-eabi-10.3-2021.10/bin/../lib/gcc/arm-none-eabi/10.3.1/thumb/v7e-m+fp/hard/crti.o
 .ARM.attributes
                0x000000000000001e       0x34 /usr/share/gcc-arm-none-eabi-10.3-2021.10/bin/../lib/gcc/arm-none-eabi/10.3.1/thumb/v7e-m+fp/hard/crtbegin.o
 .ARM.attributes
                0x0000000000000052       0x34 build/ecatapp.o
 .ARM.attributes
                0x0000000000000086       0x34 build/main.o
 .ARM.attributes
                0x00000000000000ba       0x34 build/pdo_override.o
 .ARM.attributes
                0x00000000000000ee       0x34 build/misc.o
 .ARM.attributes
                0x0000000000000122       0x34 build/stm32f4xx_can.o
 .ARM.attributes
                0x0000000000000156       0x34 build/stm32f4xx_dma.o
 .ARM.attributes
                0x000000000000018a       0x34 build/stm32f4xx_exti.o
 .ARM.attributes
                0x00000000000001be       0x34 build/stm32f4xx_gpio.o
 .ARM.attributes
                0x00000000000001f2       0x34 build/stm32f4xx_rcc.o
 .ARM.attributes
                0x0000000000000226       0x34 build/stm32f4xx_spi.o
 .ARM.attributes
                0x000000000000025a       0x34 build/stm32f4xx_syscfg.o
 .ARM.attributes
                0x000000000000028e       0x34 build/stm32f4xx_tim.o
 .ARM.attributes
                0x00000000000002c2       0x34 build/bsp_can.o
 .ARM.attributes
                0x00000000000002f6       0x34 build/bsp_led.o
 .ARM.attributes
                0x000000000000032a       0x34 build/delay.o
 .ARM.attributes
                0x000000000000035e       0x34 build/system_stm32f4xx.o
 .ARM.attributes
                0x0000000000000392       0x34 build/objectlist.o
 .ARM.attributes
                0x00000000000003c6       0x34 build/esc_hw.o
 .ARM.attributes